2026-07-17 11:44:01.285 [INF]  NovaLite starting — version 1.0.0.0
2026-07-17 11:44:55.706 [INF]  NovaLite starting — version 1.0.0.0
2026-07-17 11:48:18.415 [INF]  NovaLite starting — version 1.0.0.0
2026-07-17 11:52:04.899 [INF]  NovaLite starting — version 1.0.0.0
2026-07-17 12:15:30.821 [INF]  NovaLite starting — version 1.0.0.0
2026-07-17 12:21:58.150 [INF]  NovaLite starting — version 1.0.0.0
2026-07-17 12:24:15.622 [INF]  NovaLite starting — version 1.0.0.0
2026-07-17 12:42:26.971 [INF]  NovaLite starting — version 1.0.0.0
2026-07-17 12:46:13.041 [INF]  NovaLite starting — version 1.0.0.0
2026-07-17 12:56:52.353 [INF]  NovaLite starting — version 1.0.0.0
2026-07-17 13:02:24.323 [INF]  NovaLite starting — version 1.0.0.0
2026-07-17 13:08:38.398 [INF]  NovaLite starting — version 1.0.0.0
2026-07-17 13:26:09.524 [INF]  NovaLite starting — version 1.0.0.0
2026-07-17 13:32:34.025 [INF]  NovaLite starting — version 1.0.0.0
2026-07-17 13:38:04.889 [INF]  NovaLite starting — version 1.0.0.0
2026-07-17 13:38:56.497 [INF]  NovaLite starting — version 1.0.0.0
2026-07-17 13:39:09.848 [INF]  NovaLite starting — version 1.0.0.0
2026-07-17 13:40:27.334 [INF]  NovaLite starting — version 1.0.0.0
2026-07-17 14:04:15.770 [INF]  NovaLite starting — version 1.0.0.0
2026-07-17 15:49:05.327 [INF]  NovaLite starting — version 1.0.0.0
2026-07-17 15:50:41.942 [INF]  NovaLite starting — version 1.0.0.0
2026-07-17 15:50:55.322 [INF]  NovaLite starting — version 1.0.0.0
2026-07-17 15:51:02.808 [INF]  NovaLite starting — version 1.0.0.0
2026-07-17 16:06:22.476 [INF]  NovaLite starting — version 1.0.0.0
2026-07-17 16:10:47.960 [INF]  NovaLite starting — version 1.0.0.0
2026-07-17 16:13:38.040 [INF]  NovaLite starting — version 1.0.0.0
2026-07-17 16:35:38.061 [INF]  NovaLite starting — version 1.0.0.0
2026-07-17 16:36:10.040 [INF]  NovaLite starting — version 1.0.0.0
2026-07-17 16:36:31.793 [INF]  NovaLite starting — version 1.0.0.0
2026-07-17 16:36:43.981 [INF]  NovaLite starting — version 1.0.0.0
2026-07-17 16:37:23.725 [INF]  NovaLite starting — version 1.0.0.0
2026-07-17 16:47:58.101 [INF]  NovaLite starting — version 1.0.0.0
2026-07-17 16:50:14.744 [INF]  NovaLite starting — version 1.0.0.0
2026-07-17 16:51:04.378 [INF]  NovaLite starting — version 1.0.0.0
2026-07-17 16:52:14.074 [INF]  NovaLite starting — version 1.0.0.0
2026-07-17 16:59:30.498 [INF]  NovaLite starting — version 1.0.0.0
2026-07-17 17:00:47.011 [INF]  NovaLite starting — version 1.0.0.0
2026-07-17 17:01:36.484 [INF]  NovaLite starting — version 1.0.0.0
2026-07-17 17:14:05.211 [INF]  NovaLite starting — version 1.0.0.0
2026-07-17 17:16:27.120 [INF]  NovaLite starting — version 1.0.0.0
2026-07-17 17:28:35.961 [INF]  NovaLite starting — version 1.0.0.0
2026-07-17 17:35:15.690 [INF]  NovaLite starting — version 1.0.0.0
2026-07-17 17:37:10.131 [INF]  NovaLite starting — version 1.0.0.0
2026-07-17 17:38:04.170 [INF]  NovaLite starting — version 1.0.0.0
2026-07-17 17:39:34.234 [INF]  NovaLite starting — version 1.0.0.0
2026-07-17 17:42:48.306 [INF]  NovaLite starting — version 1.0.0.0
2026-07-17 17:45:44.244 [INF]  NovaLite starting — version 1.0.0.0
2026-07-17 17:52:05.217 [INF]  NovaLite starting — version 1.0.0.0
2026-07-17 18:04:19.330 [INF]  NovaLite starting — version 1.0.0.0
2026-07-17 18:04:21.674 [FTL]  NovaLite terminated unexpectedly
System.InvalidOperationException: No animator registered for the property RenderTransform. Add an animator to the Animation.Animators collection that matches this property to animate it.
   at Avalonia.Animation.Animation.InterpretKeyframes(Animatable control)
   at Avalonia.Animation.Animation.Apply(Animatable control, IClock clock, IObservable`1 match, Action onComplete)
   at Avalonia.Animation.Animation.Avalonia.Animation.IAnimation.Apply(Animatable control, IClock clock, IObservable`1 match, Action onComplete)
   at Avalonia.Styling.StyleInstance.ApplyAnimations(AvaloniaObject control)
   at Avalonia.Styling.StyleBase.Attach(StyledElement target, IStyleActivator activator, FrameType type, Boolean canShareInstance)
   at Avalonia.Styling.Style.TryAttach(StyledElement target, Object host, FrameType type)
   at Avalonia.StyledElement.ApplyStyle(IStyle style, IStyleHost host, FrameType type)
   at Avalonia.StyledElement.ApplyStyles(IStyleHost host)
   at Avalonia.StyledElement.ApplyStyles(IStyleHost host)
   at Avalonia.StyledElement.ApplyStyles(IStyleHost host)
   at Avalonia.StyledElement.ApplyStyles(IStyleHost host)
   at Avalonia.StyledElement.ApplyStyling()
   at Avalonia.StyledElement.OnAttachedToLogicalTreeCore(LogicalTreeAttachmentEventArgs e)
   at Avalonia.StyledElement.OnAttachedToLogicalTreeCore(LogicalTreeAttachmentEventArgs e)
   at Avalonia.StyledElement.OnAttachedToLogicalTreeCore(LogicalTreeAttachmentEventArgs e)
   at Avalonia.StyledElement.OnAttachedToLogicalTreeCore(LogicalTreeAttachmentEventArgs e)
   at Avalonia.StyledElement.OnAttachedToLogicalTreeCore(LogicalTreeAttachmentEventArgs e)
   at Avalonia.StyledElement.OnAttachedToLogicalTreeCore(LogicalTreeAttachmentEventArgs e)
   at Avalonia.StyledElement.OnAttachedToLogicalTreeCore(LogicalTreeAttachmentEventArgs e)
   at Avalonia.StyledElement.OnAttachedToLogicalTreeCore(LogicalTreeAttachmentEventArgs e)
   at Avalonia.StyledElement.Avalonia.Controls.ISetLogicalParent.SetParent(ILogical parent)
   at Avalonia.StyledElement.SetLogicalParent(IList children)
   at Avalonia.StyledElement.LogicalChildrenCollectionChanged(Object sender, NotifyCollectionChangedEventArgs e)
   at Avalonia.Visual.LogicalChildrenCollectionChanged(Object sender, NotifyCollectionChangedEventArgs e)
   at Avalonia.Collections.AvaloniaList`1.NotifyAdd(T item, Int32 index)
   at Avalonia.Collections.AvaloniaList`1.Add(T item)
   at Avalonia.Controls.Presenters.ContentPresenter.UpdateChild(Object content)
   at Avalonia.Controls.Presenters.ContentPresenter.UpdateChild()
   at Avalonia.Controls.Presenters.ContentPresenter.ApplyTemplate()
   at Avalonia.Layout.Layoutable.MeasureCore(Size availableSize)
   at Avalonia.Layout.Layoutable.Measure(Size availableSize)
   at Avalonia.Layout.Layoutable.MeasureOverride(Size availableSize)
   at Avalonia.Layout.Layoutable.MeasureCore(Size availableSize)
   at Avalonia.Layout.Layoutable.Measure(Size availableSize)
   at Avalonia.Controls.Grid.MeasureCell(Int32 cell, Boolean forceInfinityV)
   at Avalonia.Controls.Grid.MeasureCellsGroup(Int32 cellsHead, Size referenceSize, Boolean ignoreDesiredSizeU, Boolean forceInfinityV, Boolean& hasDesiredSizeUChanged)
   at Avalonia.Controls.Grid.MeasureCellsGroup(Int32 cellsHead, Size referenceSize, Boolean ignoreDesiredSizeU, Boolean forceInfinityV)
   at Avalonia.Controls.Grid.MeasureOverride(Size constraint)
   at Avalonia.Layout.Layoutable.MeasureCore(Size availableSize)
   at Avalonia.Layout.Layoutable.Measure(Size availableSize)
   at Avalonia.Layout.LayoutHelper.MeasureChild(Layoutable control, Size availableSize, Thickness padding, Thickness borderThickness)
   at Avalonia.Controls.Presenters.ContentPresenter.MeasureOverride(Size availableSize)
   at Avalonia.Layout.Layoutable.MeasureCore(Size availableSize)
   at Avalonia.Layout.Layoutable.Measure(Size availableSize)
   at Avalonia.Layout.LayoutHelper.MeasureChild(Layoutable control, Size availableSize, Thickness padding)
   at Avalonia.Controls.Decorator.MeasureOverride(Size availableSize)
   at Avalonia.Controls.Primitives.VisualLayerManager.MeasureOverride(Size availableSize)
   at Avalonia.Layout.Layoutable.MeasureCore(Size availableSize)
   at Avalonia.Layout.Layoutable.Measure(Size availableSize)
   at Avalonia.Layout.Layoutable.MeasureOverride(Size availableSize)
   at Avalonia.Layout.Layoutable.MeasureCore(Size availableSize)
   at Avalonia.Layout.Layoutable.Measure(Size availableSize)
   at Avalonia.Layout.Layoutable.MeasureOverride(Size availableSize)
   at Avalonia.Controls.Window.MeasureOverride(Size availableSize)
   at Avalonia.Controls.WindowBase.MeasureCore(Size availableSize)
   at Avalonia.Layout.Layoutable.Measure(Size availableSize)
   at Avalonia.Layout.LayoutManager.Measure(Layoutable control)
   at Avalonia.Layout.LayoutManager.ExecuteInitialLayoutPass()
   at Avalonia.Controls.Window.ShowCore(Window owner)
   at Avalonia.Controls.Window.Show()
   at Avalonia.Controls.ApplicationLifetimes.ClassicDesktopStyleApplicationLifetime.ShowMainWindow()
   at Avalonia.Controls.ApplicationLifetimes.ClassicDesktopStyleApplicationLifetime.StartCore(String[] args)
   at Avalonia.Controls.ApplicationLifetimes.ClassicDesktopStyleApplicationLifetime.Start(String[] args)
   at Avalonia.ClassicDesktopStyleApplicationLifetimeExtensions.StartWithClassicDesktopLifetime(AppBuilder builder, String[] args, Action`1 lifetimeBuilder)
   at NovaLite.UI.Program.Main(String[] args) in C:\Users\Fynn\nova_lite\src\NovaLite.UI\Program.cs:line 27
2026-07-17 18:05:17.083 [INF]  NovaLite starting — version 1.0.0.0
2026-07-17 18:05:17.600 [FTL]  NovaLite terminated unexpectedly
System.InvalidOperationException: No animator registered for the property RenderTransform. Add an animator to the Animation.Animators collection that matches this property to animate it.
   at Avalonia.Animation.Animation.InterpretKeyframes(Animatable control)
   at Avalonia.Animation.Animation.Apply(Animatable control, IClock clock, IObservable`1 match, Action onComplete)
   at Avalonia.Animation.Animation.Avalonia.Animation.IAnimation.Apply(Animatable control, IClock clock, IObservable`1 match, Action onComplete)
   at Avalonia.Styling.StyleInstance.ApplyAnimations(AvaloniaObject control)
   at Avalonia.Styling.StyleBase.Attach(StyledElement target, IStyleActivator activator, FrameType type, Boolean canShareInstance)
   at Avalonia.Styling.Style.TryAttach(StyledElement target, Object host, FrameType type)
   at Avalonia.StyledElement.ApplyStyle(IStyle style, IStyleHost host, FrameType type)
   at Avalonia.StyledElement.ApplyStyles(IStyleHost host)
   at Avalonia.StyledElement.ApplyStyles(IStyleHost host)
   at Avalonia.StyledElement.ApplyStyles(IStyleHost host)
   at Avalonia.StyledElement.ApplyStyles(IStyleHost host)
   at Avalonia.StyledElement.ApplyStyling()
   at Avalonia.StyledElement.OnAttachedToLogicalTreeCore(LogicalTreeAttachmentEventArgs e)
   at Avalonia.StyledElement.OnAttachedToLogicalTreeCore(LogicalTreeAttachmentEventArgs e)
   at Avalonia.StyledElement.OnAttachedToLogicalTreeCore(LogicalTreeAttachmentEventArgs e)
   at Avalonia.StyledElement.OnAttachedToLogicalTreeCore(LogicalTreeAttachmentEventArgs e)
   at Avalonia.StyledElement.OnAttachedToLogicalTreeCore(LogicalTreeAttachmentEventArgs e)
   at Avalonia.StyledElement.OnAttachedToLogicalTreeCore(LogicalTreeAttachmentEventArgs e)
   at Avalonia.StyledElement.OnAttachedToLogicalTreeCore(LogicalTreeAttachmentEventArgs e)
   at Avalonia.StyledElement.OnAttachedToLogicalTreeCore(LogicalTreeAttachmentEventArgs e)
   at Avalonia.StyledElement.Avalonia.Controls.ISetLogicalParent.SetParent(ILogical parent)
   at Avalonia.StyledElement.SetLogicalParent(IList children)
   at Avalonia.StyledElement.LogicalChildrenCollectionChanged(Object sender, NotifyCollectionChangedEventArgs e)
   at Avalonia.Visual.LogicalChildrenCollectionChanged(Object sender, NotifyCollectionChangedEventArgs e)
   at Avalonia.Collections.AvaloniaList`1.NotifyAdd(T item, Int32 index)
   at Avalonia.Collections.AvaloniaList`1.Add(T item)
   at Avalonia.Controls.Presenters.ContentPresenter.UpdateChild(Object content)
   at Avalonia.Controls.Presenters.ContentPresenter.UpdateChild()
   at Avalonia.Controls.Presenters.ContentPresenter.ApplyTemplate()
   at Avalonia.Layout.Layoutable.MeasureCore(Size availableSize)
   at Avalonia.Layout.Layoutable.Measure(Size availableSize)
   at Avalonia.Layout.Layoutable.MeasureOverride(Size availableSize)
   at Avalonia.Layout.Layoutable.MeasureCore(Size availableSize)
   at Avalonia.Layout.Layoutable.Measure(Size availableSize)
   at Avalonia.Controls.Grid.MeasureCell(Int32 cell, Boolean forceInfinityV)
   at Avalonia.Controls.Grid.MeasureCellsGroup(Int32 cellsHead, Size referenceSize, Boolean ignoreDesiredSizeU, Boolean forceInfinityV, Boolean& hasDesiredSizeUChanged)
   at Avalonia.Controls.Grid.MeasureCellsGroup(Int32 cellsHead, Size referenceSize, Boolean ignoreDesiredSizeU, Boolean forceInfinityV)
   at Avalonia.Controls.Grid.MeasureOverride(Size constraint)
   at Avalonia.Layout.Layoutable.MeasureCore(Size availableSize)
   at Avalonia.Layout.Layoutable.Measure(Size availableSize)
   at Avalonia.Layout.LayoutHelper.MeasureChild(Layoutable control, Size availableSize, Thickness padding, Thickness borderThickness)
   at Avalonia.Controls.Presenters.ContentPresenter.MeasureOverride(Size availableSize)
   at Avalonia.Layout.Layoutable.MeasureCore(Size availableSize)
   at Avalonia.Layout.Layoutable.Measure(Size availableSize)
   at Avalonia.Layout.LayoutHelper.MeasureChild(Layoutable control, Size availableSize, Thickness padding)
   at Avalonia.Controls.Decorator.MeasureOverride(Size availableSize)
   at Avalonia.Controls.Primitives.VisualLayerManager.MeasureOverride(Size availableSize)
   at Avalonia.Layout.Layoutable.MeasureCore(Size availableSize)
   at Avalonia.Layout.Layoutable.Measure(Size availableSize)
   at Avalonia.Layout.Layoutable.MeasureOverride(Size availableSize)
   at Avalonia.Layout.Layoutable.MeasureCore(Size availableSize)
   at Avalonia.Layout.Layoutable.Measure(Size availableSize)
   at Avalonia.Layout.Layoutable.MeasureOverride(Size availableSize)
   at Avalonia.Controls.Window.MeasureOverride(Size availableSize)
   at Avalonia.Controls.WindowBase.MeasureCore(Size availableSize)
   at Avalonia.Layout.Layoutable.Measure(Size availableSize)
   at Avalonia.Layout.LayoutManager.Measure(Layoutable control)
   at Avalonia.Layout.LayoutManager.ExecuteInitialLayoutPass()
   at Avalonia.Controls.Window.ShowCore(Window owner)
   at Avalonia.Controls.Window.Show()
   at Avalonia.Controls.ApplicationLifetimes.ClassicDesktopStyleApplicationLifetime.ShowMainWindow()
   at Avalonia.Controls.ApplicationLifetimes.ClassicDesktopStyleApplicationLifetime.StartCore(String[] args)
   at Avalonia.Controls.ApplicationLifetimes.ClassicDesktopStyleApplicationLifetime.Start(String[] args)
   at Avalonia.ClassicDesktopStyleApplicationLifetimeExtensions.StartWithClassicDesktopLifetime(AppBuilder builder, String[] args, Action`1 lifetimeBuilder)
   at NovaLite.UI.Program.Main(String[] args) in C:\Users\Fynn\nova_lite\src\NovaLite.UI\Program.cs:line 27
2026-07-17 18:05:25.125 [INF]  NovaLite starting — version 1.0.0.0
2026-07-17 18:05:25.651 [FTL]  NovaLite terminated unexpectedly
System.InvalidOperationException: No animator registered for the property RenderTransform. Add an animator to the Animation.Animators collection that matches this property to animate it.
   at Avalonia.Animation.Animation.InterpretKeyframes(Animatable control)
   at Avalonia.Animation.Animation.Apply(Animatable control, IClock clock, IObservable`1 match, Action onComplete)
   at Avalonia.Animation.Animation.Avalonia.Animation.IAnimation.Apply(Animatable control, IClock clock, IObservable`1 match, Action onComplete)
   at Avalonia.Styling.StyleInstance.ApplyAnimations(AvaloniaObject control)
   at Avalonia.Styling.StyleBase.Attach(StyledElement target, IStyleActivator activator, FrameType type, Boolean canShareInstance)
   at Avalonia.Styling.Style.TryAttach(StyledElement target, Object host, FrameType type)
   at Avalonia.StyledElement.ApplyStyle(IStyle style, IStyleHost host, FrameType type)
   at Avalonia.StyledElement.ApplyStyles(IStyleHost host)
   at Avalonia.StyledElement.ApplyStyles(IStyleHost host)
   at Avalonia.StyledElement.ApplyStyles(IStyleHost host)
   at Avalonia.StyledElement.ApplyStyles(IStyleHost host)
   at Avalonia.StyledElement.ApplyStyling()
   at Avalonia.StyledElement.OnAttachedToLogicalTreeCore(LogicalTreeAttachmentEventArgs e)
   at Avalonia.StyledElement.OnAttachedToLogicalTreeCore(LogicalTreeAttachmentEventArgs e)
   at Avalonia.StyledElement.OnAttachedToLogicalTreeCore(LogicalTreeAttachmentEventArgs e)
   at Avalonia.StyledElement.OnAttachedToLogicalTreeCore(LogicalTreeAttachmentEventArgs e)
   at Avalonia.StyledElement.OnAttachedToLogicalTreeCore(LogicalTreeAttachmentEventArgs e)
   at Avalonia.StyledElement.OnAttachedToLogicalTreeCore(LogicalTreeAttachmentEventArgs e)
   at Avalonia.StyledElement.OnAttachedToLogicalTreeCore(LogicalTreeAttachmentEventArgs e)
   at Avalonia.StyledElement.OnAttachedToLogicalTreeCore(LogicalTreeAttachmentEventArgs e)
   at Avalonia.StyledElement.Avalonia.Controls.ISetLogicalParent.SetParent(ILogical parent)
   at Avalonia.StyledElement.SetLogicalParent(IList children)
   at Avalonia.StyledElement.LogicalChildrenCollectionChanged(Object sender, NotifyCollectionChangedEventArgs e)
   at Avalonia.Visual.LogicalChildrenCollectionChanged(Object sender, NotifyCollectionChangedEventArgs e)
   at Avalonia.Collections.AvaloniaList`1.NotifyAdd(T item, Int32 index)
   at Avalonia.Collections.AvaloniaList`1.Add(T item)
   at Avalonia.Controls.Presenters.ContentPresenter.UpdateChild(Object content)
   at Avalonia.Controls.Presenters.ContentPresenter.UpdateChild()
   at Avalonia.Controls.Presenters.ContentPresenter.ApplyTemplate()
   at Avalonia.Layout.Layoutable.MeasureCore(Size availableSize)
   at Avalonia.Layout.Layoutable.Measure(Size availableSize)
   at Avalonia.Layout.Layoutable.MeasureOverride(Size availableSize)
   at Avalonia.Layout.Layoutable.MeasureCore(Size availableSize)
   at Avalonia.Layout.Layoutable.Measure(Size availableSize)
   at Avalonia.Controls.Grid.MeasureCell(Int32 cell, Boolean forceInfinityV)
   at Avalonia.Controls.Grid.MeasureCellsGroup(Int32 cellsHead, Size referenceSize, Boolean ignoreDesiredSizeU, Boolean forceInfinityV, Boolean& hasDesiredSizeUChanged)
   at Avalonia.Controls.Grid.MeasureCellsGroup(Int32 cellsHead, Size referenceSize, Boolean ignoreDesiredSizeU, Boolean forceInfinityV)
   at Avalonia.Controls.Grid.MeasureOverride(Size constraint)
   at Avalonia.Layout.Layoutable.MeasureCore(Size availableSize)
   at Avalonia.Layout.Layoutable.Measure(Size availableSize)
   at Avalonia.Layout.LayoutHelper.MeasureChild(Layoutable control, Size availableSize, Thickness padding, Thickness borderThickness)
   at Avalonia.Controls.Presenters.ContentPresenter.MeasureOverride(Size availableSize)
   at Avalonia.Layout.Layoutable.MeasureCore(Size availableSize)
   at Avalonia.Layout.Layoutable.Measure(Size availableSize)
   at Avalonia.Layout.LayoutHelper.MeasureChild(Layoutable control, Size availableSize, Thickness padding)
   at Avalonia.Controls.Decorator.MeasureOverride(Size availableSize)
   at Avalonia.Controls.Primitives.VisualLayerManager.MeasureOverride(Size availableSize)
   at Avalonia.Layout.Layoutable.MeasureCore(Size availableSize)
   at Avalonia.Layout.Layoutable.Measure(Size availableSize)
   at Avalonia.Layout.Layoutable.MeasureOverride(Size availableSize)
   at Avalonia.Layout.Layoutable.MeasureCore(Size availableSize)
   at Avalonia.Layout.Layoutable.Measure(Size availableSize)
   at Avalonia.Layout.Layoutable.MeasureOverride(Size availableSize)
   at Avalonia.Controls.Window.MeasureOverride(Size availableSize)
   at Avalonia.Controls.WindowBase.MeasureCore(Size availableSize)
   at Avalonia.Layout.Layoutable.Measure(Size availableSize)
   at Avalonia.Layout.LayoutManager.Measure(Layoutable control)
   at Avalonia.Layout.LayoutManager.ExecuteInitialLayoutPass()
   at Avalonia.Controls.Window.ShowCore(Window owner)
   at Avalonia.Controls.Window.Show()
   at Avalonia.Controls.ApplicationLifetimes.ClassicDesktopStyleApplicationLifetime.ShowMainWindow()
   at Avalonia.Controls.ApplicationLifetimes.ClassicDesktopStyleApplicationLifetime.StartCore(String[] args)
   at Avalonia.Controls.ApplicationLifetimes.ClassicDesktopStyleApplicationLifetime.Start(String[] args)
   at Avalonia.ClassicDesktopStyleApplicationLifetimeExtensions.StartWithClassicDesktopLifetime(AppBuilder builder, String[] args, Action`1 lifetimeBuilder)
   at NovaLite.UI.Program.Main(String[] args) in C:\Users\Fynn\nova_lite\src\NovaLite.UI\Program.cs:line 27
2026-07-17 18:05:27.473 [INF]  NovaLite starting — version 1.0.0.0
2026-07-17 18:05:27.980 [FTL]  NovaLite terminated unexpectedly
System.InvalidOperationException: No animator registered for the property RenderTransform. Add an animator to the Animation.Animators collection that matches this property to animate it.
   at Avalonia.Animation.Animation.InterpretKeyframes(Animatable control)
   at Avalonia.Animation.Animation.Apply(Animatable control, IClock clock, IObservable`1 match, Action onComplete)
   at Avalonia.Animation.Animation.Avalonia.Animation.IAnimation.Apply(Animatable control, IClock clock, IObservable`1 match, Action onComplete)
   at Avalonia.Styling.StyleInstance.ApplyAnimations(AvaloniaObject control)
   at Avalonia.Styling.StyleBase.Attach(StyledElement target, IStyleActivator activator, FrameType type, Boolean canShareInstance)
   at Avalonia.Styling.Style.TryAttach(StyledElement target, Object host, FrameType type)
   at Avalonia.StyledElement.ApplyStyle(IStyle style, IStyleHost host, FrameType type)
   at Avalonia.StyledElement.ApplyStyles(IStyleHost host)
   at Avalonia.StyledElement.ApplyStyles(IStyleHost host)
   at Avalonia.StyledElement.ApplyStyles(IStyleHost host)
   at Avalonia.StyledElement.ApplyStyles(IStyleHost host)
   at Avalonia.StyledElement.ApplyStyling()
   at Avalonia.StyledElement.OnAttachedToLogicalTreeCore(LogicalTreeAttachmentEventArgs e)
   at Avalonia.StyledElement.OnAttachedToLogicalTreeCore(LogicalTreeAttachmentEventArgs e)
   at Avalonia.StyledElement.OnAttachedToLogicalTreeCore(LogicalTreeAttachmentEventArgs e)
   at Avalonia.StyledElement.OnAttachedToLogicalTreeCore(LogicalTreeAttachmentEventArgs e)
   at Avalonia.StyledElement.OnAttachedToLogicalTreeCore(LogicalTreeAttachmentEventArgs e)
   at Avalonia.StyledElement.OnAttachedToLogicalTreeCore(LogicalTreeAttachmentEventArgs e)
   at Avalonia.StyledElement.OnAttachedToLogicalTreeCore(LogicalTreeAttachmentEventArgs e)
   at Avalonia.StyledElement.OnAttachedToLogicalTreeCore(LogicalTreeAttachmentEventArgs e)
   at Avalonia.StyledElement.Avalonia.Controls.ISetLogicalParent.SetParent(ILogical parent)
   at Avalonia.StyledElement.SetLogicalParent(IList children)
   at Avalonia.StyledElement.LogicalChildrenCollectionChanged(Object sender, NotifyCollectionChangedEventArgs e)
   at Avalonia.Visual.LogicalChildrenCollectionChanged(Object sender, NotifyCollectionChangedEventArgs e)
   at Avalonia.Collections.AvaloniaList`1.NotifyAdd(T item, Int32 index)
   at Avalonia.Collections.AvaloniaList`1.Add(T item)
   at Avalonia.Controls.Presenters.ContentPresenter.UpdateChild(Object content)
   at Avalonia.Controls.Presenters.ContentPresenter.UpdateChild()
   at Avalonia.Controls.Presenters.ContentPresenter.ApplyTemplate()
   at Avalonia.Layout.Layoutable.MeasureCore(Size availableSize)
   at Avalonia.Layout.Layoutable.Measure(Size availableSize)
   at Avalonia.Layout.Layoutable.MeasureOverride(Size availableSize)
   at Avalonia.Layout.Layoutable.MeasureCore(Size availableSize)
   at Avalonia.Layout.Layoutable.Measure(Size availableSize)
   at Avalonia.Controls.Grid.MeasureCell(Int32 cell, Boolean forceInfinityV)
   at Avalonia.Controls.Grid.MeasureCellsGroup(Int32 cellsHead, Size referenceSize, Boolean ignoreDesiredSizeU, Boolean forceInfinityV, Boolean& hasDesiredSizeUChanged)
   at Avalonia.Controls.Grid.MeasureCellsGroup(Int32 cellsHead, Size referenceSize, Boolean ignoreDesiredSizeU, Boolean forceInfinityV)
   at Avalonia.Controls.Grid.MeasureOverride(Size constraint)
   at Avalonia.Layout.Layoutable.MeasureCore(Size availableSize)
   at Avalonia.Layout.Layoutable.Measure(Size availableSize)
   at Avalonia.Layout.LayoutHelper.MeasureChild(Layoutable control, Size availableSize, Thickness padding, Thickness borderThickness)
   at Avalonia.Controls.Presenters.ContentPresenter.MeasureOverride(Size availableSize)
   at Avalonia.Layout.Layoutable.MeasureCore(Size availableSize)
   at Avalonia.Layout.Layoutable.Measure(Size availableSize)
   at Avalonia.Layout.LayoutHelper.MeasureChild(Layoutable control, Size availableSize, Thickness padding)
   at Avalonia.Controls.Decorator.MeasureOverride(Size availableSize)
   at Avalonia.Controls.Primitives.VisualLayerManager.MeasureOverride(Size availableSize)
   at Avalonia.Layout.Layoutable.MeasureCore(Size availableSize)
   at Avalonia.Layout.Layoutable.Measure(Size availableSize)
   at Avalonia.Layout.Layoutable.MeasureOverride(Size availableSize)
   at Avalonia.Layout.Layoutable.MeasureCore(Size availableSize)
   at Avalonia.Layout.Layoutable.Measure(Size availableSize)
   at Avalonia.Layout.Layoutable.MeasureOverride(Size availableSize)
   at Avalonia.Controls.Window.MeasureOverride(Size availableSize)
   at Avalonia.Controls.WindowBase.MeasureCore(Size availableSize)
   at Avalonia.Layout.Layoutable.Measure(Size availableSize)
   at Avalonia.Layout.LayoutManager.Measure(Layoutable control)
   at Avalonia.Layout.LayoutManager.ExecuteInitialLayoutPass()
   at Avalonia.Controls.Window.ShowCore(Window owner)
   at Avalonia.Controls.Window.Show()
   at Avalonia.Controls.ApplicationLifetimes.ClassicDesktopStyleApplicationLifetime.ShowMainWindow()
   at Avalonia.Controls.ApplicationLifetimes.ClassicDesktopStyleApplicationLifetime.StartCore(String[] args)
   at Avalonia.Controls.ApplicationLifetimes.ClassicDesktopStyleApplicationLifetime.Start(String[] args)
   at Avalonia.ClassicDesktopStyleApplicationLifetimeExtensions.StartWithClassicDesktopLifetime(AppBuilder builder, String[] args, Action`1 lifetimeBuilder)
   at NovaLite.UI.Program.Main(String[] args) in C:\Users\Fynn\nova_lite\src\NovaLite.UI\Program.cs:line 27
2026-07-17 18:05:28.637 [INF]  NovaLite starting — version 1.0.0.0
2026-07-17 18:05:29.140 [FTL]  NovaLite terminated unexpectedly
System.InvalidOperationException: No animator registered for the property RenderTransform. Add an animator to the Animation.Animators collection that matches this property to animate it.
   at Avalonia.Animation.Animation.InterpretKeyframes(Animatable control)
   at Avalonia.Animation.Animation.Apply(Animatable control, IClock clock, IObservable`1 match, Action onComplete)
   at Avalonia.Animation.Animation.Avalonia.Animation.IAnimation.Apply(Animatable control, IClock clock, IObservable`1 match, Action onComplete)
   at Avalonia.Styling.StyleInstance.ApplyAnimations(AvaloniaObject control)
   at Avalonia.Styling.StyleBase.Attach(StyledElement target, IStyleActivator activator, FrameType type, Boolean canShareInstance)
   at Avalonia.Styling.Style.TryAttach(StyledElement target, Object host, FrameType type)
   at Avalonia.StyledElement.ApplyStyle(IStyle style, IStyleHost host, FrameType type)
   at Avalonia.StyledElement.ApplyStyles(IStyleHost host)
   at Avalonia.StyledElement.ApplyStyles(IStyleHost host)
   at Avalonia.StyledElement.ApplyStyles(IStyleHost host)
   at Avalonia.StyledElement.ApplyStyles(IStyleHost host)
   at Avalonia.StyledElement.ApplyStyling()
   at Avalonia.StyledElement.OnAttachedToLogicalTreeCore(LogicalTreeAttachmentEventArgs e)
   at Avalonia.StyledElement.OnAttachedToLogicalTreeCore(LogicalTreeAttachmentEventArgs e)
   at Avalonia.StyledElement.OnAttachedToLogicalTreeCore(LogicalTreeAttachmentEventArgs e)
   at Avalonia.StyledElement.OnAttachedToLogicalTreeCore(LogicalTreeAttachmentEventArgs e)
   at Avalonia.StyledElement.OnAttachedToLogicalTreeCore(LogicalTreeAttachmentEventArgs e)
   at Avalonia.StyledElement.OnAttachedToLogicalTreeCore(LogicalTreeAttachmentEventArgs e)
   at Avalonia.StyledElement.OnAttachedToLogicalTreeCore(LogicalTreeAttachmentEventArgs e)
   at Avalonia.StyledElement.OnAttachedToLogicalTreeCore(LogicalTreeAttachmentEventArgs e)
   at Avalonia.StyledElement.Avalonia.Controls.ISetLogicalParent.SetParent(ILogical parent)
   at Avalonia.StyledElement.SetLogicalParent(IList children)
   at Avalonia.StyledElement.LogicalChildrenCollectionChanged(Object sender, NotifyCollectionChangedEventArgs e)
   at Avalonia.Visual.LogicalChildrenCollectionChanged(Object sender, NotifyCollectionChangedEventArgs e)
   at Avalonia.Collections.AvaloniaList`1.NotifyAdd(T item, Int32 index)
   at Avalonia.Collections.AvaloniaList`1.Add(T item)
   at Avalonia.Controls.Presenters.ContentPresenter.UpdateChild(Object content)
   at Avalonia.Controls.Presenters.ContentPresenter.UpdateChild()
   at Avalonia.Controls.Presenters.ContentPresenter.ApplyTemplate()
   at Avalonia.Layout.Layoutable.MeasureCore(Size availableSize)
   at Avalonia.Layout.Layoutable.Measure(Size availableSize)
   at Avalonia.Layout.Layoutable.MeasureOverride(Size availableSize)
   at Avalonia.Layout.Layoutable.MeasureCore(Size availableSize)
   at Avalonia.Layout.Layoutable.Measure(Size availableSize)
   at Avalonia.Controls.Grid.MeasureCell(Int32 cell, Boolean forceInfinityV)
   at Avalonia.Controls.Grid.MeasureCellsGroup(Int32 cellsHead, Size referenceSize, Boolean ignoreDesiredSizeU, Boolean forceInfinityV, Boolean& hasDesiredSizeUChanged)
   at Avalonia.Controls.Grid.MeasureCellsGroup(Int32 cellsHead, Size referenceSize, Boolean ignoreDesiredSizeU, Boolean forceInfinityV)
   at Avalonia.Controls.Grid.MeasureOverride(Size constraint)
   at Avalonia.Layout.Layoutable.MeasureCore(Size availableSize)
   at Avalonia.Layout.Layoutable.Measure(Size availableSize)
   at Avalonia.Layout.LayoutHelper.MeasureChild(Layoutable control, Size availableSize, Thickness padding, Thickness borderThickness)
   at Avalonia.Controls.Presenters.ContentPresenter.MeasureOverride(Size availableSize)
   at Avalonia.Layout.Layoutable.MeasureCore(Size availableSize)
   at Avalonia.Layout.Layoutable.Measure(Size availableSize)
   at Avalonia.Layout.LayoutHelper.MeasureChild(Layoutable control, Size availableSize, Thickness padding)
   at Avalonia.Controls.Decorator.MeasureOverride(Size availableSize)
   at Avalonia.Controls.Primitives.VisualLayerManager.MeasureOverride(Size availableSize)
   at Avalonia.Layout.Layoutable.MeasureCore(Size availableSize)
   at Avalonia.Layout.Layoutable.Measure(Size availableSize)
   at Avalonia.Layout.Layoutable.MeasureOverride(Size availableSize)
   at Avalonia.Layout.Layoutable.MeasureCore(Size availableSize)
   at Avalonia.Layout.Layoutable.Measure(Size availableSize)
   at Avalonia.Layout.Layoutable.MeasureOverride(Size availableSize)
   at Avalonia.Controls.Window.MeasureOverride(Size availableSize)
   at Avalonia.Controls.WindowBase.MeasureCore(Size availableSize)
   at Avalonia.Layout.Layoutable.Measure(Size availableSize)
   at Avalonia.Layout.LayoutManager.Measure(Layoutable control)
   at Avalonia.Layout.LayoutManager.ExecuteInitialLayoutPass()
   at Avalonia.Controls.Window.ShowCore(Window owner)
   at Avalonia.Controls.Window.Show()
   at Avalonia.Controls.ApplicationLifetimes.ClassicDesktopStyleApplicationLifetime.ShowMainWindow()
   at Avalonia.Controls.ApplicationLifetimes.ClassicDesktopStyleApplicationLifetime.StartCore(String[] args)
   at Avalonia.Controls.ApplicationLifetimes.ClassicDesktopStyleApplicationLifetime.Start(String[] args)
   at Avalonia.ClassicDesktopStyleApplicationLifetimeExtensions.StartWithClassicDesktopLifetime(AppBuilder builder, String[] args, Action`1 lifetimeBuilder)
   at NovaLite.UI.Program.Main(String[] args) in C:\Users\Fynn\nova_lite\src\NovaLite.UI\Program.cs:line 27
2026-07-17 18:05:29.388 [INF]  NovaLite starting — version 1.0.0.0
2026-07-17 18:05:29.905 [FTL]  NovaLite terminated unexpectedly
System.InvalidOperationException: No animator registered for the property RenderTransform. Add an animator to the Animation.Animators collection that matches this property to animate it.
   at Avalonia.Animation.Animation.InterpretKeyframes(Animatable control)
   at Avalonia.Animation.Animation.Apply(Animatable control, IClock clock, IObservable`1 match, Action onComplete)
   at Avalonia.Animation.Animation.Avalonia.Animation.IAnimation.Apply(Animatable control, IClock clock, IObservable`1 match, Action onComplete)
   at Avalonia.Styling.StyleInstance.ApplyAnimations(AvaloniaObject control)
   at Avalonia.Styling.StyleBase.Attach(StyledElement target, IStyleActivator activator, FrameType type, Boolean canShareInstance)
   at Avalonia.Styling.Style.TryAttach(StyledElement target, Object host, FrameType type)
   at Avalonia.StyledElement.ApplyStyle(IStyle style, IStyleHost host, FrameType type)
   at Avalonia.StyledElement.ApplyStyles(IStyleHost host)
   at Avalonia.StyledElement.ApplyStyles(IStyleHost host)
   at Avalonia.StyledElement.ApplyStyles(IStyleHost host)
   at Avalonia.StyledElement.ApplyStyles(IStyleHost host)
   at Avalonia.StyledElement.ApplyStyling()
   at Avalonia.StyledElement.OnAttachedToLogicalTreeCore(LogicalTreeAttachmentEventArgs e)
   at Avalonia.StyledElement.OnAttachedToLogicalTreeCore(LogicalTreeAttachmentEventArgs e)
   at Avalonia.StyledElement.OnAttachedToLogicalTreeCore(LogicalTreeAttachmentEventArgs e)
   at Avalonia.StyledElement.OnAttachedToLogicalTreeCore(LogicalTreeAttachmentEventArgs e)
   at Avalonia.StyledElement.OnAttachedToLogicalTreeCore(LogicalTreeAttachmentEventArgs e)
   at Avalonia.StyledElement.OnAttachedToLogicalTreeCore(LogicalTreeAttachmentEventArgs e)
   at Avalonia.StyledElement.OnAttachedToLogicalTreeCore(LogicalTreeAttachmentEventArgs e)
   at Avalonia.StyledElement.OnAttachedToLogicalTreeCore(LogicalTreeAttachmentEventArgs e)
   at Avalonia.StyledElement.Avalonia.Controls.ISetLogicalParent.SetParent(ILogical parent)
   at Avalonia.StyledElement.SetLogicalParent(IList children)
   at Avalonia.StyledElement.LogicalChildrenCollectionChanged(Object sender, NotifyCollectionChangedEventArgs e)
   at Avalonia.Visual.LogicalChildrenCollectionChanged(Object sender, NotifyCollectionChangedEventArgs e)
   at Avalonia.Collections.AvaloniaList`1.NotifyAdd(T item, Int32 index)
   at Avalonia.Collections.AvaloniaList`1.Add(T item)
   at Avalonia.Controls.Presenters.ContentPresenter.UpdateChild(Object content)
   at Avalonia.Controls.Presenters.ContentPresenter.UpdateChild()
   at Avalonia.Controls.Presenters.ContentPresenter.ApplyTemplate()
   at Avalonia.Layout.Layoutable.MeasureCore(Size availableSize)
   at Avalonia.Layout.Layoutable.Measure(Size availableSize)
   at Avalonia.Layout.Layoutable.MeasureOverride(Size availableSize)
   at Avalonia.Layout.Layoutable.MeasureCore(Size availableSize)
   at Avalonia.Layout.Layoutable.Measure(Size availableSize)
   at Avalonia.Controls.Grid.MeasureCell(Int32 cell, Boolean forceInfinityV)
   at Avalonia.Controls.Grid.MeasureCellsGroup(Int32 cellsHead, Size referenceSize, Boolean ignoreDesiredSizeU, Boolean forceInfinityV, Boolean& hasDesiredSizeUChanged)
   at Avalonia.Controls.Grid.MeasureCellsGroup(Int32 cellsHead, Size referenceSize, Boolean ignoreDesiredSizeU, Boolean forceInfinityV)
   at Avalonia.Controls.Grid.MeasureOverride(Size constraint)
   at Avalonia.Layout.Layoutable.MeasureCore(Size availableSize)
   at Avalonia.Layout.Layoutable.Measure(Size availableSize)
   at Avalonia.Layout.LayoutHelper.MeasureChild(Layoutable control, Size availableSize, Thickness padding, Thickness borderThickness)
   at Avalonia.Controls.Presenters.ContentPresenter.MeasureOverride(Size availableSize)
   at Avalonia.Layout.Layoutable.MeasureCore(Size availableSize)
   at Avalonia.Layout.Layoutable.Measure(Size availableSize)
   at Avalonia.Layout.LayoutHelper.MeasureChild(Layoutable control, Size availableSize, Thickness padding)
   at Avalonia.Controls.Decorator.MeasureOverride(Size availableSize)
   at Avalonia.Controls.Primitives.VisualLayerManager.MeasureOverride(Size availableSize)
   at Avalonia.Layout.Layoutable.MeasureCore(Size availableSize)
   at Avalonia.Layout.Layoutable.Measure(Size availableSize)
   at Avalonia.Layout.Layoutable.MeasureOverride(Size availableSize)
   at Avalonia.Layout.Layoutable.MeasureCore(Size availableSize)
   at Avalonia.Layout.Layoutable.Measure(Size availableSize)
   at Avalonia.Layout.Layoutable.MeasureOverride(Size availableSize)
   at Avalonia.Controls.Window.MeasureOverride(Size availableSize)
   at Avalonia.Controls.WindowBase.MeasureCore(Size availableSize)
   at Avalonia.Layout.Layoutable.Measure(Size availableSize)
   at Avalonia.Layout.LayoutManager.Measure(Layoutable control)
   at Avalonia.Layout.LayoutManager.ExecuteInitialLayoutPass()
   at Avalonia.Controls.Window.ShowCore(Window owner)
   at Avalonia.Controls.Window.Show()
   at Avalonia.Controls.ApplicationLifetimes.ClassicDesktopStyleApplicationLifetime.ShowMainWindow()
   at Avalonia.Controls.ApplicationLifetimes.ClassicDesktopStyleApplicationLifetime.StartCore(String[] args)
   at Avalonia.Controls.ApplicationLifetimes.ClassicDesktopStyleApplicationLifetime.Start(String[] args)
   at Avalonia.ClassicDesktopStyleApplicationLifetimeExtensions.StartWithClassicDesktopLifetime(AppBuilder builder, String[] args, Action`1 lifetimeBuilder)
   at NovaLite.UI.Program.Main(String[] args) in C:\Users\Fynn\nova_lite\src\NovaLite.UI\Program.cs:line 27
2026-07-17 18:05:30.149 [INF]  NovaLite starting — version 1.0.0.0
2026-07-17 18:05:30.650 [FTL]  NovaLite terminated unexpectedly
System.InvalidOperationException: No animator registered for the property RenderTransform. Add an animator to the Animation.Animators collection that matches this property to animate it.
   at Avalonia.Animation.Animation.InterpretKeyframes(Animatable control)
   at Avalonia.Animation.Animation.Apply(Animatable control, IClock clock, IObservable`1 match, Action onComplete)
   at Avalonia.Animation.Animation.Avalonia.Animation.IAnimation.Apply(Animatable control, IClock clock, IObservable`1 match, Action onComplete)
   at Avalonia.Styling.StyleInstance.ApplyAnimations(AvaloniaObject control)
   at Avalonia.Styling.StyleBase.Attach(StyledElement target, IStyleActivator activator, FrameType type, Boolean canShareInstance)
   at Avalonia.Styling.Style.TryAttach(StyledElement target, Object host, FrameType type)
   at Avalonia.StyledElement.ApplyStyle(IStyle style, IStyleHost host, FrameType type)
   at Avalonia.StyledElement.ApplyStyles(IStyleHost host)
   at Avalonia.StyledElement.ApplyStyles(IStyleHost host)
   at Avalonia.StyledElement.ApplyStyles(IStyleHost host)
   at Avalonia.StyledElement.ApplyStyles(IStyleHost host)
   at Avalonia.StyledElement.ApplyStyling()
   at Avalonia.StyledElement.OnAttachedToLogicalTreeCore(LogicalTreeAttachmentEventArgs e)
   at Avalonia.StyledElement.OnAttachedToLogicalTreeCore(LogicalTreeAttachmentEventArgs e)
   at Avalonia.StyledElement.OnAttachedToLogicalTreeCore(LogicalTreeAttachmentEventArgs e)
   at Avalonia.StyledElement.OnAttachedToLogicalTreeCore(LogicalTreeAttachmentEventArgs e)
   at Avalonia.StyledElement.OnAttachedToLogicalTreeCore(LogicalTreeAttachmentEventArgs e)
   at Avalonia.StyledElement.OnAttachedToLogicalTreeCore(LogicalTreeAttachmentEventArgs e)
   at Avalonia.StyledElement.OnAttachedToLogicalTreeCore(LogicalTreeAttachmentEventArgs e)
   at Avalonia.StyledElement.OnAttachedToLogicalTreeCore(LogicalTreeAttachmentEventArgs e)
   at Avalonia.StyledElement.Avalonia.Controls.ISetLogicalParent.SetParent(ILogical parent)
   at Avalonia.StyledElement.SetLogicalParent(IList children)
   at Avalonia.StyledElement.LogicalChildrenCollectionChanged(Object sender, NotifyCollectionChangedEventArgs e)
   at Avalonia.Visual.LogicalChildrenCollectionChanged(Object sender, NotifyCollectionChangedEventArgs e)
   at Avalonia.Collections.AvaloniaList`1.NotifyAdd(T item, Int32 index)
   at Avalonia.Collections.AvaloniaList`1.Add(T item)
   at Avalonia.Controls.Presenters.ContentPresenter.UpdateChild(Object content)
   at Avalonia.Controls.Presenters.ContentPresenter.UpdateChild()
   at Avalonia.Controls.Presenters.ContentPresenter.ApplyTemplate()
   at Avalonia.Layout.Layoutable.MeasureCore(Size availableSize)
   at Avalonia.Layout.Layoutable.Measure(Size availableSize)
   at Avalonia.Layout.Layoutable.MeasureOverride(Size availableSize)
   at Avalonia.Layout.Layoutable.MeasureCore(Size availableSize)
   at Avalonia.Layout.Layoutable.Measure(Size availableSize)
   at Avalonia.Controls.Grid.MeasureCell(Int32 cell, Boolean forceInfinityV)
   at Avalonia.Controls.Grid.MeasureCellsGroup(Int32 cellsHead, Size referenceSize, Boolean ignoreDesiredSizeU, Boolean forceInfinityV, Boolean& hasDesiredSizeUChanged)
   at Avalonia.Controls.Grid.MeasureCellsGroup(Int32 cellsHead, Size referenceSize, Boolean ignoreDesiredSizeU, Boolean forceInfinityV)
   at Avalonia.Controls.Grid.MeasureOverride(Size constraint)
   at Avalonia.Layout.Layoutable.MeasureCore(Size availableSize)
   at Avalonia.Layout.Layoutable.Measure(Size availableSize)
   at Avalonia.Layout.LayoutHelper.MeasureChild(Layoutable control, Size availableSize, Thickness padding, Thickness borderThickness)
   at Avalonia.Controls.Presenters.ContentPresenter.MeasureOverride(Size availableSize)
   at Avalonia.Layout.Layoutable.MeasureCore(Size availableSize)
   at Avalonia.Layout.Layoutable.Measure(Size availableSize)
   at Avalonia.Layout.LayoutHelper.MeasureChild(Layoutable control, Size availableSize, Thickness padding)
   at Avalonia.Controls.Decorator.MeasureOverride(Size availableSize)
   at Avalonia.Controls.Primitives.VisualLayerManager.MeasureOverride(Size availableSize)
   at Avalonia.Layout.Layoutable.MeasureCore(Size availableSize)
   at Avalonia.Layout.Layoutable.Measure(Size availableSize)
   at Avalonia.Layout.Layoutable.MeasureOverride(Size availableSize)
   at Avalonia.Layout.Layoutable.MeasureCore(Size availableSize)
   at Avalonia.Layout.Layoutable.Measure(Size availableSize)
   at Avalonia.Layout.Layoutable.MeasureOverride(Size availableSize)
   at Avalonia.Controls.Window.MeasureOverride(Size availableSize)
   at Avalonia.Controls.WindowBase.MeasureCore(Size availableSize)
   at Avalonia.Layout.Layoutable.Measure(Size availableSize)
   at Avalonia.Layout.LayoutManager.Measure(Layoutable control)
   at Avalonia.Layout.LayoutManager.ExecuteInitialLayoutPass()
   at Avalonia.Controls.Window.ShowCore(Window owner)
   at Avalonia.Controls.Window.Show()
   at Avalonia.Controls.ApplicationLifetimes.ClassicDesktopStyleApplicationLifetime.ShowMainWindow()
   at Avalonia.Controls.ApplicationLifetimes.ClassicDesktopStyleApplicationLifetime.StartCore(String[] args)
   at Avalonia.Controls.ApplicationLifetimes.ClassicDesktopStyleApplicationLifetime.Start(String[] args)
   at Avalonia.ClassicDesktopStyleApplicationLifetimeExtensions.StartWithClassicDesktopLifetime(AppBuilder builder, String[] args, Action`1 lifetimeBuilder)
   at NovaLite.UI.Program.Main(String[] args) in C:\Users\Fynn\nova_lite\src\NovaLite.UI\Program.cs:line 27
2026-07-17 18:05:35.198 [INF]  NovaLite starting — version 1.0.0.0
2026-07-17 18:05:35.709 [FTL]  NovaLite terminated unexpectedly
System.InvalidOperationException: No animator registered for the property RenderTransform. Add an animator to the Animation.Animators collection that matches this property to animate it.
   at Avalonia.Animation.Animation.InterpretKeyframes(Animatable control)
   at Avalonia.Animation.Animation.Apply(Animatable control, IClock clock, IObservable`1 match, Action onComplete)
   at Avalonia.Animation.Animation.Avalonia.Animation.IAnimation.Apply(Animatable control, IClock clock, IObservable`1 match, Action onComplete)
   at Avalonia.Styling.StyleInstance.ApplyAnimations(AvaloniaObject control)
   at Avalonia.Styling.StyleBase.Attach(StyledElement target, IStyleActivator activator, FrameType type, Boolean canShareInstance)
   at Avalonia.Styling.Style.TryAttach(StyledElement target, Object host, FrameType type)
   at Avalonia.StyledElement.ApplyStyle(IStyle style, IStyleHost host, FrameType type)
   at Avalonia.StyledElement.ApplyStyles(IStyleHost host)
   at Avalonia.StyledElement.ApplyStyles(IStyleHost host)
   at Avalonia.StyledElement.ApplyStyles(IStyleHost host)
   at Avalonia.StyledElement.ApplyStyles(IStyleHost host)
   at Avalonia.StyledElement.ApplyStyling()
   at Avalonia.StyledElement.OnAttachedToLogicalTreeCore(LogicalTreeAttachmentEventArgs e)
   at Avalonia.StyledElement.OnAttachedToLogicalTreeCore(LogicalTreeAttachmentEventArgs e)
   at Avalonia.StyledElement.OnAttachedToLogicalTreeCore(LogicalTreeAttachmentEventArgs e)
   at Avalonia.StyledElement.OnAttachedToLogicalTreeCore(LogicalTreeAttachmentEventArgs e)
   at Avalonia.StyledElement.OnAttachedToLogicalTreeCore(LogicalTreeAttachmentEventArgs e)
   at Avalonia.StyledElement.OnAttachedToLogicalTreeCore(LogicalTreeAttachmentEventArgs e)
   at Avalonia.StyledElement.OnAttachedToLogicalTreeCore(LogicalTreeAttachmentEventArgs e)
   at Avalonia.StyledElement.OnAttachedToLogicalTreeCore(LogicalTreeAttachmentEventArgs e)
   at Avalonia.StyledElement.Avalonia.Controls.ISetLogicalParent.SetParent(ILogical parent)
   at Avalonia.StyledElement.SetLogicalParent(IList children)
   at Avalonia.StyledElement.LogicalChildrenCollectionChanged(Object sender, NotifyCollectionChangedEventArgs e)
   at Avalonia.Visual.LogicalChildrenCollectionChanged(Object sender, NotifyCollectionChangedEventArgs e)
   at Avalonia.Collections.AvaloniaList`1.NotifyAdd(T item, Int32 index)
   at Avalonia.Collections.AvaloniaList`1.Add(T item)
   at Avalonia.Controls.Presenters.ContentPresenter.UpdateChild(Object content)
   at Avalonia.Controls.Presenters.ContentPresenter.UpdateChild()
   at Avalonia.Controls.Presenters.ContentPresenter.ApplyTemplate()
   at Avalonia.Layout.Layoutable.MeasureCore(Size availableSize)
   at Avalonia.Layout.Layoutable.Measure(Size availableSize)
   at Avalonia.Layout.Layoutable.MeasureOverride(Size availableSize)
   at Avalonia.Layout.Layoutable.MeasureCore(Size availableSize)
   at Avalonia.Layout.Layoutable.Measure(Size availableSize)
   at Avalonia.Controls.Grid.MeasureCell(Int32 cell, Boolean forceInfinityV)
   at Avalonia.Controls.Grid.MeasureCellsGroup(Int32 cellsHead, Size referenceSize, Boolean ignoreDesiredSizeU, Boolean forceInfinityV, Boolean& hasDesiredSizeUChanged)
   at Avalonia.Controls.Grid.MeasureCellsGroup(Int32 cellsHead, Size referenceSize, Boolean ignoreDesiredSizeU, Boolean forceInfinityV)
   at Avalonia.Controls.Grid.MeasureOverride(Size constraint)
   at Avalonia.Layout.Layoutable.MeasureCore(Size availableSize)
   at Avalonia.Layout.Layoutable.Measure(Size availableSize)
   at Avalonia.Layout.LayoutHelper.MeasureChild(Layoutable control, Size availableSize, Thickness padding, Thickness borderThickness)
   at Avalonia.Controls.Presenters.ContentPresenter.MeasureOverride(Size availableSize)
   at Avalonia.Layout.Layoutable.MeasureCore(Size availableSize)
   at Avalonia.Layout.Layoutable.Measure(Size availableSize)
   at Avalonia.Layout.LayoutHelper.MeasureChild(Layoutable control, Size availableSize, Thickness padding)
   at Avalonia.Controls.Decorator.MeasureOverride(Size availableSize)
   at Avalonia.Controls.Primitives.VisualLayerManager.MeasureOverride(Size availableSize)
   at Avalonia.Layout.Layoutable.MeasureCore(Size availableSize)
   at Avalonia.Layout.Layoutable.Measure(Size availableSize)
   at Avalonia.Layout.Layoutable.MeasureOverride(Size availableSize)
   at Avalonia.Layout.Layoutable.MeasureCore(Size availableSize)
   at Avalonia.Layout.Layoutable.Measure(Size availableSize)
   at Avalonia.Layout.Layoutable.MeasureOverride(Size availableSize)
   at Avalonia.Controls.Window.MeasureOverride(Size availableSize)
   at Avalonia.Controls.WindowBase.MeasureCore(Size availableSize)
   at Avalonia.Layout.Layoutable.Measure(Size availableSize)
   at Avalonia.Layout.LayoutManager.Measure(Layoutable control)
   at Avalonia.Layout.LayoutManager.ExecuteInitialLayoutPass()
   at Avalonia.Controls.Window.ShowCore(Window owner)
   at Avalonia.Controls.Window.Show()
   at Avalonia.Controls.ApplicationLifetimes.ClassicDesktopStyleApplicationLifetime.ShowMainWindow()
   at Avalonia.Controls.ApplicationLifetimes.ClassicDesktopStyleApplicationLifetime.StartCore(String[] args)
   at Avalonia.Controls.ApplicationLifetimes.ClassicDesktopStyleApplicationLifetime.Start(String[] args)
   at Avalonia.ClassicDesktopStyleApplicationLifetimeExtensions.StartWithClassicDesktopLifetime(AppBuilder builder, String[] args, Action`1 lifetimeBuilder)
   at NovaLite.UI.Program.Main(String[] args) in C:\Users\Fynn\nova_lite\src\NovaLite.UI\Program.cs:line 27
2026-07-17 18:05:43.001 [INF]  NovaLite starting — version 1.0.0.0
2026-07-17 18:05:43.513 [FTL]  NovaLite terminated unexpectedly
System.InvalidOperationException: No animator registered for the property RenderTransform. Add an animator to the Animation.Animators collection that matches this property to animate it.
   at Avalonia.Animation.Animation.InterpretKeyframes(Animatable control)
   at Avalonia.Animation.Animation.Apply(Animatable control, IClock clock, IObservable`1 match, Action onComplete)
   at Avalonia.Animation.Animation.Avalonia.Animation.IAnimation.Apply(Animatable control, IClock clock, IObservable`1 match, Action onComplete)
   at Avalonia.Styling.StyleInstance.ApplyAnimations(AvaloniaObject control)
   at Avalonia.Styling.StyleBase.Attach(StyledElement target, IStyleActivator activator, FrameType type, Boolean canShareInstance)
   at Avalonia.Styling.Style.TryAttach(StyledElement target, Object host, FrameType type)
   at Avalonia.StyledElement.ApplyStyle(IStyle style, IStyleHost host, FrameType type)
   at Avalonia.StyledElement.ApplyStyles(IStyleHost host)
   at Avalonia.StyledElement.ApplyStyles(IStyleHost host)
   at Avalonia.StyledElement.ApplyStyles(IStyleHost host)
   at Avalonia.StyledElement.ApplyStyles(IStyleHost host)
   at Avalonia.StyledElement.ApplyStyling()
   at Avalonia.StyledElement.OnAttachedToLogicalTreeCore(LogicalTreeAttachmentEventArgs e)
   at Avalonia.StyledElement.OnAttachedToLogicalTreeCore(LogicalTreeAttachmentEventArgs e)
   at Avalonia.StyledElement.OnAttachedToLogicalTreeCore(LogicalTreeAttachmentEventArgs e)
   at Avalonia.StyledElement.OnAttachedToLogicalTreeCore(LogicalTreeAttachmentEventArgs e)
   at Avalonia.StyledElement.OnAttachedToLogicalTreeCore(LogicalTreeAttachmentEventArgs e)
   at Avalonia.StyledElement.OnAttachedToLogicalTreeCore(LogicalTreeAttachmentEventArgs e)
   at Avalonia.StyledElement.OnAttachedToLogicalTreeCore(LogicalTreeAttachmentEventArgs e)
   at Avalonia.StyledElement.OnAttachedToLogicalTreeCore(LogicalTreeAttachmentEventArgs e)
   at Avalonia.StyledElement.Avalonia.Controls.ISetLogicalParent.SetParent(ILogical parent)
   at Avalonia.StyledElement.SetLogicalParent(IList children)
   at Avalonia.StyledElement.LogicalChildrenCollectionChanged(Object sender, NotifyCollectionChangedEventArgs e)
   at Avalonia.Visual.LogicalChildrenCollectionChanged(Object sender, NotifyCollectionChangedEventArgs e)
   at Avalonia.Collections.AvaloniaList`1.NotifyAdd(T item, Int32 index)
   at Avalonia.Collections.AvaloniaList`1.Add(T item)
   at Avalonia.Controls.Presenters.ContentPresenter.UpdateChild(Object content)
   at Avalonia.Controls.Presenters.ContentPresenter.UpdateChild()
   at Avalonia.Controls.Presenters.ContentPresenter.ApplyTemplate()
   at Avalonia.Layout.Layoutable.MeasureCore(Size availableSize)
   at Avalonia.Layout.Layoutable.Measure(Size availableSize)
   at Avalonia.Layout.Layoutable.MeasureOverride(Size availableSize)
   at Avalonia.Layout.Layoutable.MeasureCore(Size availableSize)
   at Avalonia.Layout.Layoutable.Measure(Size availableSize)
   at Avalonia.Controls.Grid.MeasureCell(Int32 cell, Boolean forceInfinityV)
   at Avalonia.Controls.Grid.MeasureCellsGroup(Int32 cellsHead, Size referenceSize, Boolean ignoreDesiredSizeU, Boolean forceInfinityV, Boolean& hasDesiredSizeUChanged)
   at Avalonia.Controls.Grid.MeasureCellsGroup(Int32 cellsHead, Size referenceSize, Boolean ignoreDesiredSizeU, Boolean forceInfinityV)
   at Avalonia.Controls.Grid.MeasureOverride(Size constraint)
   at Avalonia.Layout.Layoutable.MeasureCore(Size availableSize)
   at Avalonia.Layout.Layoutable.Measure(Size availableSize)
   at Avalonia.Layout.LayoutHelper.MeasureChild(Layoutable control, Size availableSize, Thickness padding, Thickness borderThickness)
   at Avalonia.Controls.Presenters.ContentPresenter.MeasureOverride(Size availableSize)
   at Avalonia.Layout.Layoutable.MeasureCore(Size availableSize)
   at Avalonia.Layout.Layoutable.Measure(Size availableSize)
   at Avalonia.Layout.LayoutHelper.MeasureChild(Layoutable control, Size availableSize, Thickness padding)
   at Avalonia.Controls.Decorator.MeasureOverride(Size availableSize)
   at Avalonia.Controls.Primitives.VisualLayerManager.MeasureOverride(Size availableSize)
   at Avalonia.Layout.Layoutable.MeasureCore(Size availableSize)
   at Avalonia.Layout.Layoutable.Measure(Size availableSize)
   at Avalonia.Layout.Layoutable.MeasureOverride(Size availableSize)
   at Avalonia.Layout.Layoutable.MeasureCore(Size availableSize)
   at Avalonia.Layout.Layoutable.Measure(Size availableSize)
   at Avalonia.Layout.Layoutable.MeasureOverride(Size availableSize)
   at Avalonia.Controls.Window.MeasureOverride(Size availableSize)
   at Avalonia.Controls.WindowBase.MeasureCore(Size availableSize)
   at Avalonia.Layout.Layoutable.Measure(Size availableSize)
   at Avalonia.Layout.LayoutManager.Measure(Layoutable control)
   at Avalonia.Layout.LayoutManager.ExecuteInitialLayoutPass()
   at Avalonia.Controls.Window.ShowCore(Window owner)
   at Avalonia.Controls.Window.Show()
   at Avalonia.Controls.ApplicationLifetimes.ClassicDesktopStyleApplicationLifetime.ShowMainWindow()
   at Avalonia.Controls.ApplicationLifetimes.ClassicDesktopStyleApplicationLifetime.StartCore(String[] args)
   at Avalonia.Controls.ApplicationLifetimes.ClassicDesktopStyleApplicationLifetime.Start(String[] args)
   at Avalonia.ClassicDesktopStyleApplicationLifetimeExtensions.StartWithClassicDesktopLifetime(AppBuilder builder, String[] args, Action`1 lifetimeBuilder)
   at NovaLite.UI.Program.Main(String[] args) in C:\Users\Fynn\nova_lite\src\NovaLite.UI\Program.cs:line 27
2026-07-17 18:06:30.294 [INF]  NovaLite starting — version 1.0.0.0
2026-07-17 18:06:31.995 [FTL]  NovaLite terminated unexpectedly
System.InvalidOperationException: No animator registered for the property RenderTransform. Add an animator to the Animation.Animators collection that matches this property to animate it.
   at Avalonia.Animation.Animation.InterpretKeyframes(Animatable control)
   at Avalonia.Animation.Animation.Apply(Animatable control, IClock clock, IObservable`1 match, Action onComplete)
   at Avalonia.Animation.Animation.Avalonia.Animation.IAnimation.Apply(Animatable control, IClock clock, IObservable`1 match, Action onComplete)
   at Avalonia.Styling.StyleInstance.ApplyAnimations(AvaloniaObject control)
   at Avalonia.Styling.StyleBase.Attach(StyledElement target, IStyleActivator activator, FrameType type, Boolean canShareInstance)
   at Avalonia.Styling.Style.TryAttach(StyledElement target, Object host, FrameType type)
   at Avalonia.StyledElement.ApplyStyle(IStyle style, IStyleHost host, FrameType type)
   at Avalonia.StyledElement.ApplyStyles(IStyleHost host)
   at Avalonia.StyledElement.ApplyStyles(IStyleHost host)
   at Avalonia.StyledElement.ApplyStyles(IStyleHost host)
   at Avalonia.StyledElement.ApplyStyles(IStyleHost host)
   at Avalonia.StyledElement.ApplyStyling()
   at Avalonia.StyledElement.OnAttachedToLogicalTreeCore(LogicalTreeAttachmentEventArgs e)
   at Avalonia.StyledElement.OnAttachedToLogicalTreeCore(LogicalTreeAttachmentEventArgs e)
   at Avalonia.StyledElement.OnAttachedToLogicalTreeCore(LogicalTreeAttachmentEventArgs e)
   at Avalonia.StyledElement.OnAttachedToLogicalTreeCore(LogicalTreeAttachmentEventArgs e)
   at Avalonia.StyledElement.OnAttachedToLogicalTreeCore(LogicalTreeAttachmentEventArgs e)
   at Avalonia.StyledElement.OnAttachedToLogicalTreeCore(LogicalTreeAttachmentEventArgs e)
   at Avalonia.StyledElement.OnAttachedToLogicalTreeCore(LogicalTreeAttachmentEventArgs e)
   at Avalonia.StyledElement.OnAttachedToLogicalTreeCore(LogicalTreeAttachmentEventArgs e)
   at Avalonia.StyledElement.Avalonia.Controls.ISetLogicalParent.SetParent(ILogical parent)
   at Avalonia.StyledElement.SetLogicalParent(IList children)
   at Avalonia.StyledElement.LogicalChildrenCollectionChanged(Object sender, NotifyCollectionChangedEventArgs e)
   at Avalonia.Visual.LogicalChildrenCollectionChanged(Object sender, NotifyCollectionChangedEventArgs e)
   at Avalonia.Collections.AvaloniaList`1.NotifyAdd(T item, Int32 index)
   at Avalonia.Collections.AvaloniaList`1.Add(T item)
   at Avalonia.Controls.Presenters.ContentPresenter.UpdateChild(Object content)
   at Avalonia.Controls.Presenters.ContentPresenter.UpdateChild()
   at Avalonia.Controls.Presenters.ContentPresenter.ApplyTemplate()
   at Avalonia.Layout.Layoutable.MeasureCore(Size availableSize)
   at Avalonia.Layout.Layoutable.Measure(Size availableSize)
   at Avalonia.Layout.Layoutable.MeasureOverride(Size availableSize)
   at Avalonia.Layout.Layoutable.MeasureCore(Size availableSize)
   at Avalonia.Layout.Layoutable.Measure(Size availableSize)
   at Avalonia.Controls.Grid.MeasureCell(Int32 cell, Boolean forceInfinityV)
   at Avalonia.Controls.Grid.MeasureCellsGroup(Int32 cellsHead, Size referenceSize, Boolean ignoreDesiredSizeU, Boolean forceInfinityV, Boolean& hasDesiredSizeUChanged)
   at Avalonia.Controls.Grid.MeasureCellsGroup(Int32 cellsHead, Size referenceSize, Boolean ignoreDesiredSizeU, Boolean forceInfinityV)
   at Avalonia.Controls.Grid.MeasureOverride(Size constraint)
   at Avalonia.Layout.Layoutable.MeasureCore(Size availableSize)
   at Avalonia.Layout.Layoutable.Measure(Size availableSize)
   at Avalonia.Layout.LayoutHelper.MeasureChild(Layoutable control, Size availableSize, Thickness padding, Thickness borderThickness)
   at Avalonia.Controls.Presenters.ContentPresenter.MeasureOverride(Size availableSize)
   at Avalonia.Layout.Layoutable.MeasureCore(Size availableSize)
   at Avalonia.Layout.Layoutable.Measure(Size availableSize)
   at Avalonia.Layout.LayoutHelper.MeasureChild(Layoutable control, Size availableSize, Thickness padding)
   at Avalonia.Controls.Decorator.MeasureOverride(Size availableSize)
   at Avalonia.Controls.Primitives.VisualLayerManager.MeasureOverride(Size availableSize)
   at Avalonia.Layout.Layoutable.MeasureCore(Size availableSize)
   at Avalonia.Layout.Layoutable.Measure(Size availableSize)
   at Avalonia.Layout.Layoutable.MeasureOverride(Size availableSize)
   at Avalonia.Layout.Layoutable.MeasureCore(Size availableSize)
   at Avalonia.Layout.Layoutable.Measure(Size availableSize)
   at Avalonia.Layout.Layoutable.MeasureOverride(Size availableSize)
   at Avalonia.Controls.Window.MeasureOverride(Size availableSize)
   at Avalonia.Controls.WindowBase.MeasureCore(Size availableSize)
   at Avalonia.Layout.Layoutable.Measure(Size availableSize)
   at Avalonia.Layout.LayoutManager.Measure(Layoutable control)
   at Avalonia.Layout.LayoutManager.ExecuteInitialLayoutPass()
   at Avalonia.Controls.Window.ShowCore(Window owner)
   at Avalonia.Controls.Window.Show()
   at Avalonia.Controls.ApplicationLifetimes.ClassicDesktopStyleApplicationLifetime.ShowMainWindow()
   at Avalonia.Controls.ApplicationLifetimes.ClassicDesktopStyleApplicationLifetime.StartCore(String[] args)
   at Avalonia.Controls.ApplicationLifetimes.ClassicDesktopStyleApplicationLifetime.Start(String[] args)
   at Avalonia.ClassicDesktopStyleApplicationLifetimeExtensions.StartWithClassicDesktopLifetime(AppBuilder builder, String[] args, Action`1 lifetimeBuilder)
   at NovaLite.UI.Program.Main(String[] args) in C:\Users\Fynn\nova_lite\src\NovaLite.UI\Program.cs:line 27
2026-07-17 18:06:41.974 [INF]  NovaLite starting — version 1.0.0.0
2026-07-17 18:06:42.478 [FTL]  NovaLite terminated unexpectedly
System.InvalidOperationException: No animator registered for the property RenderTransform. Add an animator to the Animation.Animators collection that matches this property to animate it.
   at Avalonia.Animation.Animation.InterpretKeyframes(Animatable control)
   at Avalonia.Animation.Animation.Apply(Animatable control, IClock clock, IObservable`1 match, Action onComplete)
   at Avalonia.Animation.Animation.Avalonia.Animation.IAnimation.Apply(Animatable control, IClock clock, IObservable`1 match, Action onComplete)
   at Avalonia.Styling.StyleInstance.ApplyAnimations(AvaloniaObject control)
   at Avalonia.Styling.StyleBase.Attach(StyledElement target, IStyleActivator activator, FrameType type, Boolean canShareInstance)
   at Avalonia.Styling.Style.TryAttach(StyledElement target, Object host, FrameType type)
   at Avalonia.StyledElement.ApplyStyle(IStyle style, IStyleHost host, FrameType type)
   at Avalonia.StyledElement.ApplyStyles(IStyleHost host)
   at Avalonia.StyledElement.ApplyStyles(IStyleHost host)
   at Avalonia.StyledElement.ApplyStyles(IStyleHost host)
   at Avalonia.StyledElement.ApplyStyles(IStyleHost host)
   at Avalonia.StyledElement.ApplyStyling()
   at Avalonia.StyledElement.OnAttachedToLogicalTreeCore(LogicalTreeAttachmentEventArgs e)
   at Avalonia.StyledElement.OnAttachedToLogicalTreeCore(LogicalTreeAttachmentEventArgs e)
   at Avalonia.StyledElement.OnAttachedToLogicalTreeCore(LogicalTreeAttachmentEventArgs e)
   at Avalonia.StyledElement.OnAttachedToLogicalTreeCore(LogicalTreeAttachmentEventArgs e)
   at Avalonia.StyledElement.OnAttachedToLogicalTreeCore(LogicalTreeAttachmentEventArgs e)
   at Avalonia.StyledElement.OnAttachedToLogicalTreeCore(LogicalTreeAttachmentEventArgs e)
   at Avalonia.StyledElement.OnAttachedToLogicalTreeCore(LogicalTreeAttachmentEventArgs e)
   at Avalonia.StyledElement.OnAttachedToLogicalTreeCore(LogicalTreeAttachmentEventArgs e)
   at Avalonia.StyledElement.Avalonia.Controls.ISetLogicalParent.SetParent(ILogical parent)
   at Avalonia.StyledElement.SetLogicalParent(IList children)
   at Avalonia.StyledElement.LogicalChildrenCollectionChanged(Object sender, NotifyCollectionChangedEventArgs e)
   at Avalonia.Visual.LogicalChildrenCollectionChanged(Object sender, NotifyCollectionChangedEventArgs e)
   at Avalonia.Collections.AvaloniaList`1.NotifyAdd(T item, Int32 index)
   at Avalonia.Collections.AvaloniaList`1.Add(T item)
   at Avalonia.Controls.Presenters.ContentPresenter.UpdateChild(Object content)
   at Avalonia.Controls.Presenters.ContentPresenter.UpdateChild()
   at Avalonia.Controls.Presenters.ContentPresenter.ApplyTemplate()
   at Avalonia.Layout.Layoutable.MeasureCore(Size availableSize)
   at Avalonia.Layout.Layoutable.Measure(Size availableSize)
   at Avalonia.Layout.Layoutable.MeasureOverride(Size availableSize)
   at Avalonia.Layout.Layoutable.MeasureCore(Size availableSize)
   at Avalonia.Layout.Layoutable.Measure(Size availableSize)
   at Avalonia.Controls.Grid.MeasureCell(Int32 cell, Boolean forceInfinityV)
   at Avalonia.Controls.Grid.MeasureCellsGroup(Int32 cellsHead, Size referenceSize, Boolean ignoreDesiredSizeU, Boolean forceInfinityV, Boolean& hasDesiredSizeUChanged)
   at Avalonia.Controls.Grid.MeasureCellsGroup(Int32 cellsHead, Size referenceSize, Boolean ignoreDesiredSizeU, Boolean forceInfinityV)
   at Avalonia.Controls.Grid.MeasureOverride(Size constraint)
   at Avalonia.Layout.Layoutable.MeasureCore(Size availableSize)
   at Avalonia.Layout.Layoutable.Measure(Size availableSize)
   at Avalonia.Layout.LayoutHelper.MeasureChild(Layoutable control, Size availableSize, Thickness padding, Thickness borderThickness)
   at Avalonia.Controls.Presenters.ContentPresenter.MeasureOverride(Size availableSize)
   at Avalonia.Layout.Layoutable.MeasureCore(Size availableSize)
   at Avalonia.Layout.Layoutable.Measure(Size availableSize)
   at Avalonia.Layout.LayoutHelper.MeasureChild(Layoutable control, Size availableSize, Thickness padding)
   at Avalonia.Controls.Decorator.MeasureOverride(Size availableSize)
   at Avalonia.Controls.Primitives.VisualLayerManager.MeasureOverride(Size availableSize)
   at Avalonia.Layout.Layoutable.MeasureCore(Size availableSize)
   at Avalonia.Layout.Layoutable.Measure(Size availableSize)
   at Avalonia.Layout.Layoutable.MeasureOverride(Size availableSize)
   at Avalonia.Layout.Layoutable.MeasureCore(Size availableSize)
   at Avalonia.Layout.Layoutable.Measure(Size availableSize)
   at Avalonia.Layout.Layoutable.MeasureOverride(Size availableSize)
   at Avalonia.Controls.Window.MeasureOverride(Size availableSize)
   at Avalonia.Controls.WindowBase.MeasureCore(Size availableSize)
   at Avalonia.Layout.Layoutable.Measure(Size availableSize)
   at Avalonia.Layout.LayoutManager.Measure(Layoutable control)
   at Avalonia.Layout.LayoutManager.ExecuteInitialLayoutPass()
   at Avalonia.Controls.Window.ShowCore(Window owner)
   at Avalonia.Controls.Window.Show()
   at Avalonia.Controls.ApplicationLifetimes.ClassicDesktopStyleApplicationLifetime.ShowMainWindow()
   at Avalonia.Controls.ApplicationLifetimes.ClassicDesktopStyleApplicationLifetime.StartCore(String[] args)
   at Avalonia.Controls.ApplicationLifetimes.ClassicDesktopStyleApplicationLifetime.Start(String[] args)
   at Avalonia.ClassicDesktopStyleApplicationLifetimeExtensions.StartWithClassicDesktopLifetime(AppBuilder builder, String[] args, Action`1 lifetimeBuilder)
   at NovaLite.UI.Program.Main(String[] args) in C:\Users\Fynn\nova_lite\src\NovaLite.UI\Program.cs:line 27
2026-07-17 18:06:52.533 [INF]  NovaLite starting — version 1.0.0.0
2026-07-17 18:06:53.040 [FTL]  NovaLite terminated unexpectedly
System.InvalidOperationException: No animator registered for the property RenderTransform. Add an animator to the Animation.Animators collection that matches this property to animate it.
   at Avalonia.Animation.Animation.InterpretKeyframes(Animatable control)
   at Avalonia.Animation.Animation.Apply(Animatable control, IClock clock, IObservable`1 match, Action onComplete)
   at Avalonia.Animation.Animation.Avalonia.Animation.IAnimation.Apply(Animatable control, IClock clock, IObservable`1 match, Action onComplete)
   at Avalonia.Styling.StyleInstance.ApplyAnimations(AvaloniaObject control)
   at Avalonia.Styling.StyleBase.Attach(StyledElement target, IStyleActivator activator, FrameType type, Boolean canShareInstance)
   at Avalonia.Styling.Style.TryAttach(StyledElement target, Object host, FrameType type)
   at Avalonia.StyledElement.ApplyStyle(IStyle style, IStyleHost host, FrameType type)
   at Avalonia.StyledElement.ApplyStyles(IStyleHost host)
   at Avalonia.StyledElement.ApplyStyles(IStyleHost host)
   at Avalonia.StyledElement.ApplyStyles(IStyleHost host)
   at Avalonia.StyledElement.ApplyStyles(IStyleHost host)
   at Avalonia.StyledElement.ApplyStyling()
   at Avalonia.StyledElement.OnAttachedToLogicalTreeCore(LogicalTreeAttachmentEventArgs e)
   at Avalonia.StyledElement.OnAttachedToLogicalTreeCore(LogicalTreeAttachmentEventArgs e)
   at Avalonia.StyledElement.OnAttachedToLogicalTreeCore(LogicalTreeAttachmentEventArgs e)
   at Avalonia.StyledElement.OnAttachedToLogicalTreeCore(LogicalTreeAttachmentEventArgs e)
   at Avalonia.StyledElement.OnAttachedToLogicalTreeCore(LogicalTreeAttachmentEventArgs e)
   at Avalonia.StyledElement.OnAttachedToLogicalTreeCore(LogicalTreeAttachmentEventArgs e)
   at Avalonia.StyledElement.OnAttachedToLogicalTreeCore(LogicalTreeAttachmentEventArgs e)
   at Avalonia.StyledElement.OnAttachedToLogicalTreeCore(LogicalTreeAttachmentEventArgs e)
   at Avalonia.StyledElement.Avalonia.Controls.ISetLogicalParent.SetParent(ILogical parent)
   at Avalonia.StyledElement.SetLogicalParent(IList children)
   at Avalonia.StyledElement.LogicalChildrenCollectionChanged(Object sender, NotifyCollectionChangedEventArgs e)
   at Avalonia.Visual.LogicalChildrenCollectionChanged(Object sender, NotifyCollectionChangedEventArgs e)
   at Avalonia.Collections.AvaloniaList`1.NotifyAdd(T item, Int32 index)
   at Avalonia.Collections.AvaloniaList`1.Add(T item)
   at Avalonia.Controls.Presenters.ContentPresenter.UpdateChild(Object content)
   at Avalonia.Controls.Presenters.ContentPresenter.UpdateChild()
   at Avalonia.Controls.Presenters.ContentPresenter.ApplyTemplate()
   at Avalonia.Layout.Layoutable.MeasureCore(Size availableSize)
   at Avalonia.Layout.Layoutable.Measure(Size availableSize)
   at Avalonia.Layout.Layoutable.MeasureOverride(Size availableSize)
   at Avalonia.Layout.Layoutable.MeasureCore(Size availableSize)
   at Avalonia.Layout.Layoutable.Measure(Size availableSize)
   at Avalonia.Controls.Grid.MeasureCell(Int32 cell, Boolean forceInfinityV)
   at Avalonia.Controls.Grid.MeasureCellsGroup(Int32 cellsHead, Size referenceSize, Boolean ignoreDesiredSizeU, Boolean forceInfinityV, Boolean& hasDesiredSizeUChanged)
   at Avalonia.Controls.Grid.MeasureCellsGroup(Int32 cellsHead, Size referenceSize, Boolean ignoreDesiredSizeU, Boolean forceInfinityV)
   at Avalonia.Controls.Grid.MeasureOverride(Size constraint)
   at Avalonia.Layout.Layoutable.MeasureCore(Size availableSize)
   at Avalonia.Layout.Layoutable.Measure(Size availableSize)
   at Avalonia.Layout.LayoutHelper.MeasureChild(Layoutable control, Size availableSize, Thickness padding, Thickness borderThickness)
   at Avalonia.Controls.Presenters.ContentPresenter.MeasureOverride(Size availableSize)
   at Avalonia.Layout.Layoutable.MeasureCore(Size availableSize)
   at Avalonia.Layout.Layoutable.Measure(Size availableSize)
   at Avalonia.Layout.LayoutHelper.MeasureChild(Layoutable control, Size availableSize, Thickness padding)
   at Avalonia.Controls.Decorator.MeasureOverride(Size availableSize)
   at Avalonia.Controls.Primitives.VisualLayerManager.MeasureOverride(Size availableSize)
   at Avalonia.Layout.Layoutable.MeasureCore(Size availableSize)
   at Avalonia.Layout.Layoutable.Measure(Size availableSize)
   at Avalonia.Layout.Layoutable.MeasureOverride(Size availableSize)
   at Avalonia.Layout.Layoutable.MeasureCore(Size availableSize)
   at Avalonia.Layout.Layoutable.Measure(Size availableSize)
   at Avalonia.Layout.Layoutable.MeasureOverride(Size availableSize)
   at Avalonia.Controls.Window.MeasureOverride(Size availableSize)
   at Avalonia.Controls.WindowBase.MeasureCore(Size availableSize)
   at Avalonia.Layout.Layoutable.Measure(Size availableSize)
   at Avalonia.Layout.LayoutManager.Measure(Layoutable control)
   at Avalonia.Layout.LayoutManager.ExecuteInitialLayoutPass()
   at Avalonia.Controls.Window.ShowCore(Window owner)
   at Avalonia.Controls.Window.Show()
   at Avalonia.Controls.ApplicationLifetimes.ClassicDesktopStyleApplicationLifetime.ShowMainWindow()
   at Avalonia.Controls.ApplicationLifetimes.ClassicDesktopStyleApplicationLifetime.StartCore(String[] args)
   at Avalonia.Controls.ApplicationLifetimes.ClassicDesktopStyleApplicationLifetime.Start(String[] args)
   at Avalonia.ClassicDesktopStyleApplicationLifetimeExtensions.StartWithClassicDesktopLifetime(AppBuilder builder, String[] args, Action`1 lifetimeBuilder)
   at NovaLite.UI.Program.Main(String[] args) in C:\Users\Fynn\nova_lite\src\NovaLite.UI\Program.cs:line 27
2026-07-17 18:07:00.162 [INF]  NovaLite starting — version 1.0.0.0
2026-07-17 18:07:00.673 [FTL]  NovaLite terminated unexpectedly
System.InvalidOperationException: No animator registered for the property RenderTransform. Add an animator to the Animation.Animators collection that matches this property to animate it.
   at Avalonia.Animation.Animation.InterpretKeyframes(Animatable control)
   at Avalonia.Animation.Animation.Apply(Animatable control, IClock clock, IObservable`1 match, Action onComplete)
   at Avalonia.Animation.Animation.Avalonia.Animation.IAnimation.Apply(Animatable control, IClock clock, IObservable`1 match, Action onComplete)
   at Avalonia.Styling.StyleInstance.ApplyAnimations(AvaloniaObject control)
   at Avalonia.Styling.StyleBase.Attach(StyledElement target, IStyleActivator activator, FrameType type, Boolean canShareInstance)
   at Avalonia.Styling.Style.TryAttach(StyledElement target, Object host, FrameType type)
   at Avalonia.StyledElement.ApplyStyle(IStyle style, IStyleHost host, FrameType type)
   at Avalonia.StyledElement.ApplyStyles(IStyleHost host)
   at Avalonia.StyledElement.ApplyStyles(IStyleHost host)
   at Avalonia.StyledElement.ApplyStyles(IStyleHost host)
   at Avalonia.StyledElement.ApplyStyles(IStyleHost host)
   at Avalonia.StyledElement.ApplyStyling()
   at Avalonia.StyledElement.OnAttachedToLogicalTreeCore(LogicalTreeAttachmentEventArgs e)
   at Avalonia.StyledElement.OnAttachedToLogicalTreeCore(LogicalTreeAttachmentEventArgs e)
   at Avalonia.StyledElement.OnAttachedToLogicalTreeCore(LogicalTreeAttachmentEventArgs e)
   at Avalonia.StyledElement.OnAttachedToLogicalTreeCore(LogicalTreeAttachmentEventArgs e)
   at Avalonia.StyledElement.OnAttachedToLogicalTreeCore(LogicalTreeAttachmentEventArgs e)
   at Avalonia.StyledElement.OnAttachedToLogicalTreeCore(LogicalTreeAttachmentEventArgs e)
   at Avalonia.StyledElement.OnAttachedToLogicalTreeCore(LogicalTreeAttachmentEventArgs e)
   at Avalonia.StyledElement.OnAttachedToLogicalTreeCore(LogicalTreeAttachmentEventArgs e)
   at Avalonia.StyledElement.Avalonia.Controls.ISetLogicalParent.SetParent(ILogical parent)
   at Avalonia.StyledElement.SetLogicalParent(IList children)
   at Avalonia.StyledElement.LogicalChildrenCollectionChanged(Object sender, NotifyCollectionChangedEventArgs e)
   at Avalonia.Visual.LogicalChildrenCollectionChanged(Object sender, NotifyCollectionChangedEventArgs e)
   at Avalonia.Collections.AvaloniaList`1.NotifyAdd(T item, Int32 index)
   at Avalonia.Collections.AvaloniaList`1.Add(T item)
   at Avalonia.Controls.Presenters.ContentPresenter.UpdateChild(Object content)
   at Avalonia.Controls.Presenters.ContentPresenter.UpdateChild()
   at Avalonia.Controls.Presenters.ContentPresenter.ApplyTemplate()
   at Avalonia.Layout.Layoutable.MeasureCore(Size availableSize)
   at Avalonia.Layout.Layoutable.Measure(Size availableSize)
   at Avalonia.Layout.Layoutable.MeasureOverride(Size availableSize)
   at Avalonia.Layout.Layoutable.MeasureCore(Size availableSize)
   at Avalonia.Layout.Layoutable.Measure(Size availableSize)
   at Avalonia.Controls.Grid.MeasureCell(Int32 cell, Boolean forceInfinityV)
   at Avalonia.Controls.Grid.MeasureCellsGroup(Int32 cellsHead, Size referenceSize, Boolean ignoreDesiredSizeU, Boolean forceInfinityV, Boolean& hasDesiredSizeUChanged)
   at Avalonia.Controls.Grid.MeasureCellsGroup(Int32 cellsHead, Size referenceSize, Boolean ignoreDesiredSizeU, Boolean forceInfinityV)
   at Avalonia.Controls.Grid.MeasureOverride(Size constraint)
   at Avalonia.Layout.Layoutable.MeasureCore(Size availableSize)
   at Avalonia.Layout.Layoutable.Measure(Size availableSize)
   at Avalonia.Layout.LayoutHelper.MeasureChild(Layoutable control, Size availableSize, Thickness padding, Thickness borderThickness)
   at Avalonia.Controls.Presenters.ContentPresenter.MeasureOverride(Size availableSize)
   at Avalonia.Layout.Layoutable.MeasureCore(Size availableSize)
   at Avalonia.Layout.Layoutable.Measure(Size availableSize)
   at Avalonia.Layout.LayoutHelper.MeasureChild(Layoutable control, Size availableSize, Thickness padding)
   at Avalonia.Controls.Decorator.MeasureOverride(Size availableSize)
   at Avalonia.Controls.Primitives.VisualLayerManager.MeasureOverride(Size availableSize)
   at Avalonia.Layout.Layoutable.MeasureCore(Size availableSize)
   at Avalonia.Layout.Layoutable.Measure(Size availableSize)
   at Avalonia.Layout.Layoutable.MeasureOverride(Size availableSize)
   at Avalonia.Layout.Layoutable.MeasureCore(Size availableSize)
   at Avalonia.Layout.Layoutable.Measure(Size availableSize)
   at Avalonia.Layout.Layoutable.MeasureOverride(Size availableSize)
   at Avalonia.Controls.Window.MeasureOverride(Size availableSize)
   at Avalonia.Controls.WindowBase.MeasureCore(Size availableSize)
   at Avalonia.Layout.Layoutable.Measure(Size availableSize)
   at Avalonia.Layout.LayoutManager.Measure(Layoutable control)
   at Avalonia.Layout.LayoutManager.ExecuteInitialLayoutPass()
   at Avalonia.Controls.Window.ShowCore(Window owner)
   at Avalonia.Controls.Window.Show()
   at Avalonia.Controls.ApplicationLifetimes.ClassicDesktopStyleApplicationLifetime.ShowMainWindow()
   at Avalonia.Controls.ApplicationLifetimes.ClassicDesktopStyleApplicationLifetime.StartCore(String[] args)
   at Avalonia.Controls.ApplicationLifetimes.ClassicDesktopStyleApplicationLifetime.Start(String[] args)
   at Avalonia.ClassicDesktopStyleApplicationLifetimeExtensions.StartWithClassicDesktopLifetime(AppBuilder builder, String[] args, Action`1 lifetimeBuilder)
   at NovaLite.UI.Program.Main(String[] args) in C:\Users\Fynn\nova_lite\src\NovaLite.UI\Program.cs:line 27
2026-07-17 18:11:51.822 [INF]  NovaLite starting — version 1.0.0.0
