2026-07-19 10:48:18.770 [INF]  NovaLite starting — version 1.0.0.0
2026-07-19 10:49:05.489 [FTL]  NovaLite terminated unexpectedly
System.EntryPointNotFoundException: Unable to find an entry point named 'ShellNotifyIcon' in DLL 'shell32.dll'.
   at NovaLite.UI.Services.WindowsToastService.ShellNotifyIcon(UInt32 message, NotifyIconData& data)
   at NovaLite.UI.Services.WindowsToastService.Show(String title, String message) in C:\Users\Fynn\nova_lite\src\NovaLite.UI\Services\WindowsToastService.cs:line 33
   at NovaLite.UI.ViewModels.SetupWindowViewModel.<>c__DisplayClass53_3.<StartDownload>b__3() in C:\Users\Fynn\nova_lite\src\NovaLite.UI\ViewModels\SetupWindowViewModel.cs:line 241
   at Avalonia.Threading.DispatcherOperation.InvokeCore()
   at Avalonia.Threading.DispatcherOperation.Execute()
   at Avalonia.Threading.Dispatcher.ExecuteJob(DispatcherOperation job)
   at Avalonia.Threading.Dispatcher.ExecuteJobsCore(Boolean fromExplicitBackgroundProcessingCallback)
   at Avalonia.Threading.Dispatcher.Signaled()
   at Avalonia.Win32.Win32Platform.WndProc(IntPtr hWnd, UInt32 msg, IntPtr wParam, IntPtr lParam)
   at Avalonia.Win32.Interop.UnmanagedMethods.DispatchMessage(MSG& lpmsg)
   at Avalonia.Win32.Win32DispatcherImpl.RunLoop(CancellationToken cancellationToken)
   at Avalonia.Threading.DispatcherFrame.Run(IControlledDispatcherImpl impl)
   at Avalonia.Threading.Dispatcher.PushFrame(DispatcherFrame frame)
   at Avalonia.Threading.Dispatcher.MainLoop(CancellationToken cancellationToken)
   at Avalonia.Controls.ApplicationLifetimes.ClassicDesktopStyleApplicationLifetime.StartCore(String[] args)
   at Avalonia.Controls.ApplicationLifetimes.ClassicDesktopStyleApplicationLifetime.Start(String[] args)
   at Avalonia.ClassicDesktopStyleApplicationLifetimeExtensions.StartWithClassicDesktopLifetime(AppBuilder builder, String[] args, Action`1 lifetimeBuilder)
   at NovaLite.UI.Program.Main(String[] args) in C:\Users\Fynn\nova_lite\src\NovaLite.UI\Program.cs:line 27
