2026-07-14 15:18:53.622 [INF]  NovaLite starting — version 1.0.0.0
2026-07-14 15:50:15.538 [INF]  NovaLite starting — version 1.0.0.0
2026-07-14 15:51:40.635 [INF]  NovaLite starting — version 1.0.0.0
2026-07-14 15:52:37.440 [INF]  NovaLite starting — version 1.0.0.0
2026-07-14 17:24:05.216 [INF]  NovaLite starting — version 1.0.0.0
2026-07-14 17:24:08.696 [FTL]  NovaLite terminated unexpectedly
Avalonia.Markup.Xaml.XamlLoadException: No precompiled XAML found for NovaLite.UI.Views.SetupWizardPage, make sure to specify x:Class and include your XAML file as AvaloniaResource
   at Avalonia.Markup.Xaml.AvaloniaXamlLoader.Load(Object obj)
   at NovaLite.UI.Views.SetupWizardPage..ctor() in C:\Users\Fynn\nova_lite\src\NovaLite.UI\Views\SetupWizardPage.xaml.cs:line 9
   at NovaLite.UI.MainWindow.XamlClosure_1.Build_2(IServiceProvider) in C:\Users\Fynn\nova_lite\src\NovaLite.UI\MainWindow.xaml:line 26
   at Avalonia.Markup.Xaml.XamlIl.Runtime.XamlIlRuntimeHelpers.PointerDeferredContent`1.InvokeBuilder(IServiceProvider serviceProvider)
   at Avalonia.Markup.Xaml.XamlIl.Runtime.XamlIlRuntimeHelpers.DeferredContent`1.Build(IServiceProvider serviceProvider)
   at Avalonia.Markup.Xaml.Templates.TemplateContent.Load[T](Object templateContent)
   at Avalonia.Markup.Xaml.Templates.TemplateContent.Load(Object templateContent)
   at Avalonia.Markup.Xaml.Templates.DataTemplate.Build(Object data, Control existing)
   at Avalonia.Controls.Presenters.ContentPresenter.CreateChild(Object content, Control oldChild, IDataTemplate template)
   at Avalonia.Controls.Presenters.ContentPresenter.UpdateChild(Object content)
   at Avalonia.Controls.Presenters.ContentPresenter.UpdateChild()
   at Avalonia.Controls.Presenters.ContentPresenter.ApplyTemplate()
   at Avalonia.Layout.Layoutable.MeasureCore(Size availableSize)
   at Avalonia.Layout.Layoutable.Measure(Size availableSize)
   at Avalonia.Layout.Layoutable.MeasureOverride(Size availableSize)
   at Avalonia.Layout.Layoutable.MeasureCore(Size availableSize)
   at Avalonia.Layout.Layoutable.Measure(Size availableSize)
   at Avalonia.Controls.Grid.MeasureCell(Int32 cell, Boolean forceInfinityV)
   at Avalonia.Controls.Grid.MeasureCellsGroup(Int32 cellsHead, Size referenceSize, Boolean ignoreDesiredSizeU, Boolean forceInfinityV, Boolean& hasDesiredSizeUChanged)
   at Avalonia.Controls.Grid.MeasureCellsGroup(Int32 cellsHead, Size referenceSize, Boolean ignoreDesiredSizeU, Boolean forceInfinityV)
   at Avalonia.Controls.Grid.MeasureOverride(Size constraint)
   at Avalonia.Layout.Layoutable.MeasureCore(Size availableSize)
   at Avalonia.Layout.Layoutable.Measure(Size availableSize)
   at Avalonia.Layout.LayoutHelper.MeasureChild(Layoutable control, Size availableSize, Thickness padding, Thickness borderThickness)
   at Avalonia.Controls.Presenters.ContentPresenter.MeasureOverride(Size availableSize)
   at Avalonia.Layout.Layoutable.MeasureCore(Size availableSize)
   at Avalonia.Layout.Layoutable.Measure(Size availableSize)
   at Avalonia.Layout.LayoutHelper.MeasureChild(Layoutable control, Size availableSize, Thickness padding)
   at Avalonia.Controls.Decorator.MeasureOverride(Size availableSize)
   at Avalonia.Controls.Primitives.VisualLayerManager.MeasureOverride(Size availableSize)
   at Avalonia.Layout.Layoutable.MeasureCore(Size availableSize)
   at Avalonia.Layout.Layoutable.Measure(Size availableSize)
   at Avalonia.Layout.Layoutable.MeasureOverride(Size availableSize)
   at Avalonia.Layout.Layoutable.MeasureCore(Size availableSize)
   at Avalonia.Layout.Layoutable.Measure(Size availableSize)
   at Avalonia.Layout.Layoutable.MeasureOverride(Size availableSize)
   at Avalonia.Controls.Window.MeasureOverride(Size availableSize)
   at Avalonia.Controls.WindowBase.MeasureCore(Size availableSize)
   at Avalonia.Layout.Layoutable.Measure(Size availableSize)
   at Avalonia.Layout.LayoutManager.Measure(Layoutable control)
   at Avalonia.Layout.LayoutManager.ExecuteInitialLayoutPass()
   at Avalonia.Controls.Window.ShowCore(Window owner)
   at Avalonia.Controls.Window.Show()
   at Avalonia.Controls.ApplicationLifetimes.ClassicDesktopStyleApplicationLifetime.ShowMainWindow()
   at Avalonia.Controls.ApplicationLifetimes.ClassicDesktopStyleApplicationLifetime.StartCore(String[] args)
   at Avalonia.Controls.ApplicationLifetimes.ClassicDesktopStyleApplicationLifetime.Start(String[] args)
   at Avalonia.ClassicDesktopStyleApplicationLifetimeExtensions.StartWithClassicDesktopLifetime(AppBuilder builder, String[] args, Action`1 lifetimeBuilder)
   at NovaLite.UI.Program.Main(String[] args) in C:\Users\Fynn\nova_lite\src\NovaLite.UI\Program.cs:line 17
2026-07-14 17:24:39.257 [INF]  NovaLite starting — version 1.0.0.0
2026-07-14 17:24:40.098 [FTL]  NovaLite terminated unexpectedly
Avalonia.Markup.Xaml.XamlLoadException: No precompiled XAML found for NovaLite.UI.Views.SetupWizardPage, make sure to specify x:Class and include your XAML file as AvaloniaResource
   at Avalonia.Markup.Xaml.AvaloniaXamlLoader.Load(Object obj)
   at NovaLite.UI.Views.SetupWizardPage..ctor() in C:\Users\Fynn\nova_lite\src\NovaLite.UI\Views\SetupWizardPage.xaml.cs:line 9
   at NovaLite.UI.MainWindow.XamlClosure_1.Build_2(IServiceProvider) in C:\Users\Fynn\nova_lite\src\NovaLite.UI\MainWindow.xaml:line 26
   at Avalonia.Markup.Xaml.XamlIl.Runtime.XamlIlRuntimeHelpers.PointerDeferredContent`1.InvokeBuilder(IServiceProvider serviceProvider)
   at Avalonia.Markup.Xaml.XamlIl.Runtime.XamlIlRuntimeHelpers.DeferredContent`1.Build(IServiceProvider serviceProvider)
   at Avalonia.Markup.Xaml.Templates.TemplateContent.Load[T](Object templateContent)
   at Avalonia.Markup.Xaml.Templates.TemplateContent.Load(Object templateContent)
   at Avalonia.Markup.Xaml.Templates.DataTemplate.Build(Object data, Control existing)
   at Avalonia.Controls.Presenters.ContentPresenter.CreateChild(Object content, Control oldChild, IDataTemplate template)
   at Avalonia.Controls.Presenters.ContentPresenter.UpdateChild(Object content)
   at Avalonia.Controls.Presenters.ContentPresenter.UpdateChild()
   at Avalonia.Controls.Presenters.ContentPresenter.ApplyTemplate()
   at Avalonia.Layout.Layoutable.MeasureCore(Size availableSize)
   at Avalonia.Layout.Layoutable.Measure(Size availableSize)
   at Avalonia.Layout.Layoutable.MeasureOverride(Size availableSize)
   at Avalonia.Layout.Layoutable.MeasureCore(Size availableSize)
   at Avalonia.Layout.Layoutable.Measure(Size availableSize)
   at Avalonia.Controls.Grid.MeasureCell(Int32 cell, Boolean forceInfinityV)
   at Avalonia.Controls.Grid.MeasureCellsGroup(Int32 cellsHead, Size referenceSize, Boolean ignoreDesiredSizeU, Boolean forceInfinityV, Boolean& hasDesiredSizeUChanged)
   at Avalonia.Controls.Grid.MeasureCellsGroup(Int32 cellsHead, Size referenceSize, Boolean ignoreDesiredSizeU, Boolean forceInfinityV)
   at Avalonia.Controls.Grid.MeasureOverride(Size constraint)
   at Avalonia.Layout.Layoutable.MeasureCore(Size availableSize)
   at Avalonia.Layout.Layoutable.Measure(Size availableSize)
   at Avalonia.Layout.LayoutHelper.MeasureChild(Layoutable control, Size availableSize, Thickness padding, Thickness borderThickness)
   at Avalonia.Controls.Presenters.ContentPresenter.MeasureOverride(Size availableSize)
   at Avalonia.Layout.Layoutable.MeasureCore(Size availableSize)
   at Avalonia.Layout.Layoutable.Measure(Size availableSize)
   at Avalonia.Layout.LayoutHelper.MeasureChild(Layoutable control, Size availableSize, Thickness padding)
   at Avalonia.Controls.Decorator.MeasureOverride(Size availableSize)
   at Avalonia.Controls.Primitives.VisualLayerManager.MeasureOverride(Size availableSize)
   at Avalonia.Layout.Layoutable.MeasureCore(Size availableSize)
   at Avalonia.Layout.Layoutable.Measure(Size availableSize)
   at Avalonia.Layout.Layoutable.MeasureOverride(Size availableSize)
   at Avalonia.Layout.Layoutable.MeasureCore(Size availableSize)
   at Avalonia.Layout.Layoutable.Measure(Size availableSize)
   at Avalonia.Layout.Layoutable.MeasureOverride(Size availableSize)
   at Avalonia.Controls.Window.MeasureOverride(Size availableSize)
   at Avalonia.Controls.WindowBase.MeasureCore(Size availableSize)
   at Avalonia.Layout.Layoutable.Measure(Size availableSize)
   at Avalonia.Layout.LayoutManager.Measure(Layoutable control)
   at Avalonia.Layout.LayoutManager.ExecuteInitialLayoutPass()
   at Avalonia.Controls.Window.ShowCore(Window owner)
   at Avalonia.Controls.Window.Show()
   at Avalonia.Controls.ApplicationLifetimes.ClassicDesktopStyleApplicationLifetime.ShowMainWindow()
   at Avalonia.Controls.ApplicationLifetimes.ClassicDesktopStyleApplicationLifetime.StartCore(String[] args)
   at Avalonia.Controls.ApplicationLifetimes.ClassicDesktopStyleApplicationLifetime.Start(String[] args)
   at Avalonia.ClassicDesktopStyleApplicationLifetimeExtensions.StartWithClassicDesktopLifetime(AppBuilder builder, String[] args, Action`1 lifetimeBuilder)
   at NovaLite.UI.Program.Main(String[] args) in C:\Users\Fynn\nova_lite\src\NovaLite.UI\Program.cs:line 17
2026-07-14 17:24:45.483 [INF]  NovaLite starting — version 1.0.0.0
2026-07-14 17:24:46.335 [FTL]  NovaLite terminated unexpectedly
Avalonia.Markup.Xaml.XamlLoadException: No precompiled XAML found for NovaLite.UI.Views.SetupWizardPage, make sure to specify x:Class and include your XAML file as AvaloniaResource
   at Avalonia.Markup.Xaml.AvaloniaXamlLoader.Load(Object obj)
   at NovaLite.UI.Views.SetupWizardPage..ctor() in C:\Users\Fynn\nova_lite\src\NovaLite.UI\Views\SetupWizardPage.xaml.cs:line 9
   at NovaLite.UI.MainWindow.XamlClosure_1.Build_2(IServiceProvider) in C:\Users\Fynn\nova_lite\src\NovaLite.UI\MainWindow.xaml:line 26
   at Avalonia.Markup.Xaml.XamlIl.Runtime.XamlIlRuntimeHelpers.PointerDeferredContent`1.InvokeBuilder(IServiceProvider serviceProvider)
   at Avalonia.Markup.Xaml.XamlIl.Runtime.XamlIlRuntimeHelpers.DeferredContent`1.Build(IServiceProvider serviceProvider)
   at Avalonia.Markup.Xaml.Templates.TemplateContent.Load[T](Object templateContent)
   at Avalonia.Markup.Xaml.Templates.TemplateContent.Load(Object templateContent)
   at Avalonia.Markup.Xaml.Templates.DataTemplate.Build(Object data, Control existing)
   at Avalonia.Controls.Presenters.ContentPresenter.CreateChild(Object content, Control oldChild, IDataTemplate template)
   at Avalonia.Controls.Presenters.ContentPresenter.UpdateChild(Object content)
   at Avalonia.Controls.Presenters.ContentPresenter.UpdateChild()
   at Avalonia.Controls.Presenters.ContentPresenter.ApplyTemplate()
   at Avalonia.Layout.Layoutable.MeasureCore(Size availableSize)
   at Avalonia.Layout.Layoutable.Measure(Size availableSize)
   at Avalonia.Layout.Layoutable.MeasureOverride(Size availableSize)
   at Avalonia.Layout.Layoutable.MeasureCore(Size availableSize)
   at Avalonia.Layout.Layoutable.Measure(Size availableSize)
   at Avalonia.Controls.Grid.MeasureCell(Int32 cell, Boolean forceInfinityV)
   at Avalonia.Controls.Grid.MeasureCellsGroup(Int32 cellsHead, Size referenceSize, Boolean ignoreDesiredSizeU, Boolean forceInfinityV, Boolean& hasDesiredSizeUChanged)
   at Avalonia.Controls.Grid.MeasureCellsGroup(Int32 cellsHead, Size referenceSize, Boolean ignoreDesiredSizeU, Boolean forceInfinityV)
   at Avalonia.Controls.Grid.MeasureOverride(Size constraint)
   at Avalonia.Layout.Layoutable.MeasureCore(Size availableSize)
   at Avalonia.Layout.Layoutable.Measure(Size availableSize)
   at Avalonia.Layout.LayoutHelper.MeasureChild(Layoutable control, Size availableSize, Thickness padding, Thickness borderThickness)
   at Avalonia.Controls.Presenters.ContentPresenter.MeasureOverride(Size availableSize)
   at Avalonia.Layout.Layoutable.MeasureCore(Size availableSize)
   at Avalonia.Layout.Layoutable.Measure(Size availableSize)
   at Avalonia.Layout.LayoutHelper.MeasureChild(Layoutable control, Size availableSize, Thickness padding)
   at Avalonia.Controls.Decorator.MeasureOverride(Size availableSize)
   at Avalonia.Controls.Primitives.VisualLayerManager.MeasureOverride(Size availableSize)
   at Avalonia.Layout.Layoutable.MeasureCore(Size availableSize)
   at Avalonia.Layout.Layoutable.Measure(Size availableSize)
   at Avalonia.Layout.Layoutable.MeasureOverride(Size availableSize)
   at Avalonia.Layout.Layoutable.MeasureCore(Size availableSize)
   at Avalonia.Layout.Layoutable.Measure(Size availableSize)
   at Avalonia.Layout.Layoutable.MeasureOverride(Size availableSize)
   at Avalonia.Controls.Window.MeasureOverride(Size availableSize)
   at Avalonia.Controls.WindowBase.MeasureCore(Size availableSize)
   at Avalonia.Layout.Layoutable.Measure(Size availableSize)
   at Avalonia.Layout.LayoutManager.Measure(Layoutable control)
   at Avalonia.Layout.LayoutManager.ExecuteInitialLayoutPass()
   at Avalonia.Controls.Window.ShowCore(Window owner)
   at Avalonia.Controls.Window.Show()
   at Avalonia.Controls.ApplicationLifetimes.ClassicDesktopStyleApplicationLifetime.ShowMainWindow()
   at Avalonia.Controls.ApplicationLifetimes.ClassicDesktopStyleApplicationLifetime.StartCore(String[] args)
   at Avalonia.Controls.ApplicationLifetimes.ClassicDesktopStyleApplicationLifetime.Start(String[] args)
   at Avalonia.ClassicDesktopStyleApplicationLifetimeExtensions.StartWithClassicDesktopLifetime(AppBuilder builder, String[] args, Action`1 lifetimeBuilder)
   at NovaLite.UI.Program.Main(String[] args) in C:\Users\Fynn\nova_lite\src\NovaLite.UI\Program.cs:line 17
2026-07-14 17:24:52.192 [INF]  NovaLite starting — version 1.0.0.0
2026-07-14 17:24:53.022 [FTL]  NovaLite terminated unexpectedly
Avalonia.Markup.Xaml.XamlLoadException: No precompiled XAML found for NovaLite.UI.Views.SetupWizardPage, make sure to specify x:Class and include your XAML file as AvaloniaResource
   at Avalonia.Markup.Xaml.AvaloniaXamlLoader.Load(Object obj)
   at NovaLite.UI.Views.SetupWizardPage..ctor() in C:\Users\Fynn\nova_lite\src\NovaLite.UI\Views\SetupWizardPage.xaml.cs:line 9
   at NovaLite.UI.MainWindow.XamlClosure_1.Build_2(IServiceProvider) in C:\Users\Fynn\nova_lite\src\NovaLite.UI\MainWindow.xaml:line 26
   at Avalonia.Markup.Xaml.XamlIl.Runtime.XamlIlRuntimeHelpers.PointerDeferredContent`1.InvokeBuilder(IServiceProvider serviceProvider)
   at Avalonia.Markup.Xaml.XamlIl.Runtime.XamlIlRuntimeHelpers.DeferredContent`1.Build(IServiceProvider serviceProvider)
   at Avalonia.Markup.Xaml.Templates.TemplateContent.Load[T](Object templateContent)
   at Avalonia.Markup.Xaml.Templates.TemplateContent.Load(Object templateContent)
   at Avalonia.Markup.Xaml.Templates.DataTemplate.Build(Object data, Control existing)
   at Avalonia.Controls.Presenters.ContentPresenter.CreateChild(Object content, Control oldChild, IDataTemplate template)
   at Avalonia.Controls.Presenters.ContentPresenter.UpdateChild(Object content)
   at Avalonia.Controls.Presenters.ContentPresenter.UpdateChild()
   at Avalonia.Controls.Presenters.ContentPresenter.ApplyTemplate()
   at Avalonia.Layout.Layoutable.MeasureCore(Size availableSize)
   at Avalonia.Layout.Layoutable.Measure(Size availableSize)
   at Avalonia.Layout.Layoutable.MeasureOverride(Size availableSize)
   at Avalonia.Layout.Layoutable.MeasureCore(Size availableSize)
   at Avalonia.Layout.Layoutable.Measure(Size availableSize)
   at Avalonia.Controls.Grid.MeasureCell(Int32 cell, Boolean forceInfinityV)
   at Avalonia.Controls.Grid.MeasureCellsGroup(Int32 cellsHead, Size referenceSize, Boolean ignoreDesiredSizeU, Boolean forceInfinityV, Boolean& hasDesiredSizeUChanged)
   at Avalonia.Controls.Grid.MeasureCellsGroup(Int32 cellsHead, Size referenceSize, Boolean ignoreDesiredSizeU, Boolean forceInfinityV)
   at Avalonia.Controls.Grid.MeasureOverride(Size constraint)
   at Avalonia.Layout.Layoutable.MeasureCore(Size availableSize)
   at Avalonia.Layout.Layoutable.Measure(Size availableSize)
   at Avalonia.Layout.LayoutHelper.MeasureChild(Layoutable control, Size availableSize, Thickness padding, Thickness borderThickness)
   at Avalonia.Controls.Presenters.ContentPresenter.MeasureOverride(Size availableSize)
   at Avalonia.Layout.Layoutable.MeasureCore(Size availableSize)
   at Avalonia.Layout.Layoutable.Measure(Size availableSize)
   at Avalonia.Layout.LayoutHelper.MeasureChild(Layoutable control, Size availableSize, Thickness padding)
   at Avalonia.Controls.Decorator.MeasureOverride(Size availableSize)
   at Avalonia.Controls.Primitives.VisualLayerManager.MeasureOverride(Size availableSize)
   at Avalonia.Layout.Layoutable.MeasureCore(Size availableSize)
   at Avalonia.Layout.Layoutable.Measure(Size availableSize)
   at Avalonia.Layout.Layoutable.MeasureOverride(Size availableSize)
   at Avalonia.Layout.Layoutable.MeasureCore(Size availableSize)
   at Avalonia.Layout.Layoutable.Measure(Size availableSize)
   at Avalonia.Layout.Layoutable.MeasureOverride(Size availableSize)
   at Avalonia.Controls.Window.MeasureOverride(Size availableSize)
   at Avalonia.Controls.WindowBase.MeasureCore(Size availableSize)
   at Avalonia.Layout.Layoutable.Measure(Size availableSize)
   at Avalonia.Layout.LayoutManager.Measure(Layoutable control)
   at Avalonia.Layout.LayoutManager.ExecuteInitialLayoutPass()
   at Avalonia.Controls.Window.ShowCore(Window owner)
   at Avalonia.Controls.Window.Show()
   at Avalonia.Controls.ApplicationLifetimes.ClassicDesktopStyleApplicationLifetime.ShowMainWindow()
   at Avalonia.Controls.ApplicationLifetimes.ClassicDesktopStyleApplicationLifetime.StartCore(String[] args)
   at Avalonia.Controls.ApplicationLifetimes.ClassicDesktopStyleApplicationLifetime.Start(String[] args)
   at Avalonia.ClassicDesktopStyleApplicationLifetimeExtensions.StartWithClassicDesktopLifetime(AppBuilder builder, String[] args, Action`1 lifetimeBuilder)
   at NovaLite.UI.Program.Main(String[] args) in C:\Users\Fynn\nova_lite\src\NovaLite.UI\Program.cs:line 17
2026-07-14 17:24:59.790 [INF]  NovaLite starting — version 1.0.0.0
2026-07-14 17:25:00.620 [FTL]  NovaLite terminated unexpectedly
Avalonia.Markup.Xaml.XamlLoadException: No precompiled XAML found for NovaLite.UI.Views.SetupWizardPage, make sure to specify x:Class and include your XAML file as AvaloniaResource
   at Avalonia.Markup.Xaml.AvaloniaXamlLoader.Load(Object obj)
   at NovaLite.UI.Views.SetupWizardPage..ctor() in C:\Users\Fynn\nova_lite\src\NovaLite.UI\Views\SetupWizardPage.xaml.cs:line 9
   at NovaLite.UI.MainWindow.XamlClosure_1.Build_2(IServiceProvider) in C:\Users\Fynn\nova_lite\src\NovaLite.UI\MainWindow.xaml:line 26
   at Avalonia.Markup.Xaml.XamlIl.Runtime.XamlIlRuntimeHelpers.PointerDeferredContent`1.InvokeBuilder(IServiceProvider serviceProvider)
   at Avalonia.Markup.Xaml.XamlIl.Runtime.XamlIlRuntimeHelpers.DeferredContent`1.Build(IServiceProvider serviceProvider)
   at Avalonia.Markup.Xaml.Templates.TemplateContent.Load[T](Object templateContent)
   at Avalonia.Markup.Xaml.Templates.TemplateContent.Load(Object templateContent)
   at Avalonia.Markup.Xaml.Templates.DataTemplate.Build(Object data, Control existing)
   at Avalonia.Controls.Presenters.ContentPresenter.CreateChild(Object content, Control oldChild, IDataTemplate template)
   at Avalonia.Controls.Presenters.ContentPresenter.UpdateChild(Object content)
   at Avalonia.Controls.Presenters.ContentPresenter.UpdateChild()
   at Avalonia.Controls.Presenters.ContentPresenter.ApplyTemplate()
   at Avalonia.Layout.Layoutable.MeasureCore(Size availableSize)
   at Avalonia.Layout.Layoutable.Measure(Size availableSize)
   at Avalonia.Layout.Layoutable.MeasureOverride(Size availableSize)
   at Avalonia.Layout.Layoutable.MeasureCore(Size availableSize)
   at Avalonia.Layout.Layoutable.Measure(Size availableSize)
   at Avalonia.Controls.Grid.MeasureCell(Int32 cell, Boolean forceInfinityV)
   at Avalonia.Controls.Grid.MeasureCellsGroup(Int32 cellsHead, Size referenceSize, Boolean ignoreDesiredSizeU, Boolean forceInfinityV, Boolean& hasDesiredSizeUChanged)
   at Avalonia.Controls.Grid.MeasureCellsGroup(Int32 cellsHead, Size referenceSize, Boolean ignoreDesiredSizeU, Boolean forceInfinityV)
   at Avalonia.Controls.Grid.MeasureOverride(Size constraint)
   at Avalonia.Layout.Layoutable.MeasureCore(Size availableSize)
   at Avalonia.Layout.Layoutable.Measure(Size availableSize)
   at Avalonia.Layout.LayoutHelper.MeasureChild(Layoutable control, Size availableSize, Thickness padding, Thickness borderThickness)
   at Avalonia.Controls.Presenters.ContentPresenter.MeasureOverride(Size availableSize)
   at Avalonia.Layout.Layoutable.MeasureCore(Size availableSize)
   at Avalonia.Layout.Layoutable.Measure(Size availableSize)
   at Avalonia.Layout.LayoutHelper.MeasureChild(Layoutable control, Size availableSize, Thickness padding)
   at Avalonia.Controls.Decorator.MeasureOverride(Size availableSize)
   at Avalonia.Controls.Primitives.VisualLayerManager.MeasureOverride(Size availableSize)
   at Avalonia.Layout.Layoutable.MeasureCore(Size availableSize)
   at Avalonia.Layout.Layoutable.Measure(Size availableSize)
   at Avalonia.Layout.Layoutable.MeasureOverride(Size availableSize)
   at Avalonia.Layout.Layoutable.MeasureCore(Size availableSize)
   at Avalonia.Layout.Layoutable.Measure(Size availableSize)
   at Avalonia.Layout.Layoutable.MeasureOverride(Size availableSize)
   at Avalonia.Controls.Window.MeasureOverride(Size availableSize)
   at Avalonia.Controls.WindowBase.MeasureCore(Size availableSize)
   at Avalonia.Layout.Layoutable.Measure(Size availableSize)
   at Avalonia.Layout.LayoutManager.Measure(Layoutable control)
   at Avalonia.Layout.LayoutManager.ExecuteInitialLayoutPass()
   at Avalonia.Controls.Window.ShowCore(Window owner)
   at Avalonia.Controls.Window.Show()
   at Avalonia.Controls.ApplicationLifetimes.ClassicDesktopStyleApplicationLifetime.ShowMainWindow()
   at Avalonia.Controls.ApplicationLifetimes.ClassicDesktopStyleApplicationLifetime.StartCore(String[] args)
   at Avalonia.Controls.ApplicationLifetimes.ClassicDesktopStyleApplicationLifetime.Start(String[] args)
   at Avalonia.ClassicDesktopStyleApplicationLifetimeExtensions.StartWithClassicDesktopLifetime(AppBuilder builder, String[] args, Action`1 lifetimeBuilder)
   at NovaLite.UI.Program.Main(String[] args) in C:\Users\Fynn\nova_lite\src\NovaLite.UI\Program.cs:line 17
2026-07-14 17:27:26.106 [INF]  NovaLite starting — version 1.0.0.0
2026-07-14 17:27:26.965 [FTL]  NovaLite terminated unexpectedly
Avalonia.Markup.Xaml.XamlLoadException: No precompiled XAML found for NovaLite.UI.Views.SetupWizardPage, make sure to specify x:Class and include your XAML file as AvaloniaResource
   at Avalonia.Markup.Xaml.AvaloniaXamlLoader.Load(Object obj)
   at NovaLite.UI.Views.SetupWizardPage..ctor() in C:\Users\Fynn\nova_lite\src\NovaLite.UI\Views\SetupWizardPage.xaml.cs:line 9
   at NovaLite.UI.MainWindow.XamlClosure_1.Build_2(IServiceProvider) in C:\Users\Fynn\nova_lite\src\NovaLite.UI\MainWindow.xaml:line 26
   at Avalonia.Markup.Xaml.XamlIl.Runtime.XamlIlRuntimeHelpers.PointerDeferredContent`1.InvokeBuilder(IServiceProvider serviceProvider)
   at Avalonia.Markup.Xaml.XamlIl.Runtime.XamlIlRuntimeHelpers.DeferredContent`1.Build(IServiceProvider serviceProvider)
   at Avalonia.Markup.Xaml.Templates.TemplateContent.Load[T](Object templateContent)
   at Avalonia.Markup.Xaml.Templates.TemplateContent.Load(Object templateContent)
   at Avalonia.Markup.Xaml.Templates.DataTemplate.Build(Object data, Control existing)
   at Avalonia.Controls.Presenters.ContentPresenter.CreateChild(Object content, Control oldChild, IDataTemplate template)
   at Avalonia.Controls.Presenters.ContentPresenter.UpdateChild(Object content)
   at Avalonia.Controls.Presenters.ContentPresenter.UpdateChild()
   at Avalonia.Controls.Presenters.ContentPresenter.ApplyTemplate()
   at Avalonia.Layout.Layoutable.MeasureCore(Size availableSize)
   at Avalonia.Layout.Layoutable.Measure(Size availableSize)
   at Avalonia.Layout.Layoutable.MeasureOverride(Size availableSize)
   at Avalonia.Layout.Layoutable.MeasureCore(Size availableSize)
   at Avalonia.Layout.Layoutable.Measure(Size availableSize)
   at Avalonia.Controls.Grid.MeasureCell(Int32 cell, Boolean forceInfinityV)
   at Avalonia.Controls.Grid.MeasureCellsGroup(Int32 cellsHead, Size referenceSize, Boolean ignoreDesiredSizeU, Boolean forceInfinityV, Boolean& hasDesiredSizeUChanged)
   at Avalonia.Controls.Grid.MeasureCellsGroup(Int32 cellsHead, Size referenceSize, Boolean ignoreDesiredSizeU, Boolean forceInfinityV)
   at Avalonia.Controls.Grid.MeasureOverride(Size constraint)
   at Avalonia.Layout.Layoutable.MeasureCore(Size availableSize)
   at Avalonia.Layout.Layoutable.Measure(Size availableSize)
   at Avalonia.Layout.LayoutHelper.MeasureChild(Layoutable control, Size availableSize, Thickness padding, Thickness borderThickness)
   at Avalonia.Controls.Presenters.ContentPresenter.MeasureOverride(Size availableSize)
   at Avalonia.Layout.Layoutable.MeasureCore(Size availableSize)
   at Avalonia.Layout.Layoutable.Measure(Size availableSize)
   at Avalonia.Layout.LayoutHelper.MeasureChild(Layoutable control, Size availableSize, Thickness padding)
   at Avalonia.Controls.Decorator.MeasureOverride(Size availableSize)
   at Avalonia.Controls.Primitives.VisualLayerManager.MeasureOverride(Size availableSize)
   at Avalonia.Layout.Layoutable.MeasureCore(Size availableSize)
   at Avalonia.Layout.Layoutable.Measure(Size availableSize)
   at Avalonia.Layout.Layoutable.MeasureOverride(Size availableSize)
   at Avalonia.Layout.Layoutable.MeasureCore(Size availableSize)
   at Avalonia.Layout.Layoutable.Measure(Size availableSize)
   at Avalonia.Layout.Layoutable.MeasureOverride(Size availableSize)
   at Avalonia.Controls.Window.MeasureOverride(Size availableSize)
   at Avalonia.Controls.WindowBase.MeasureCore(Size availableSize)
   at Avalonia.Layout.Layoutable.Measure(Size availableSize)
   at Avalonia.Layout.LayoutManager.Measure(Layoutable control)
   at Avalonia.Layout.LayoutManager.ExecuteInitialLayoutPass()
   at Avalonia.Controls.Window.ShowCore(Window owner)
   at Avalonia.Controls.Window.Show()
   at Avalonia.Controls.ApplicationLifetimes.ClassicDesktopStyleApplicationLifetime.ShowMainWindow()
   at Avalonia.Controls.ApplicationLifetimes.ClassicDesktopStyleApplicationLifetime.StartCore(String[] args)
   at Avalonia.Controls.ApplicationLifetimes.ClassicDesktopStyleApplicationLifetime.Start(String[] args)
   at Avalonia.ClassicDesktopStyleApplicationLifetimeExtensions.StartWithClassicDesktopLifetime(AppBuilder builder, String[] args, Action`1 lifetimeBuilder)
   at NovaLite.UI.Program.Main(String[] args) in C:\Users\Fynn\nova_lite\src\NovaLite.UI\Program.cs:line 17
2026-07-14 17:31:01.672 [INF]  NovaLite starting — version 1.0.0.0
